Archive member included to satisfy reference by file (symbol)

C:\Users\BASTIA~1\DOCUME~1\ATMELS~1\7.0\NODE_0~1\NODE_0~1\NODE_0~1\ARDUIN~1\Debug\libArduinoCore.a(HardwareSerial.o)
                              Sketch.o (_ZN14HardwareSerial5beginEm)
C:\Users\BASTIA~1\DOCUME~1\ATMELS~1\7.0\NODE_0~1\NODE_0~1\NODE_0~1\ARDUIN~1\Debug\libArduinoCore.a(HardwareSerial0.o)
                              Sketch.o (Serial)
C:\Users\BASTIA~1\DOCUME~1\ATMELS~1\7.0\NODE_0~1\NODE_0~1\NODE_0~1\ARDUIN~1\Debug\libArduinoCore.a(hooks.o)
                              src/libraries/CAN/src/MCP2515.o (yield)
C:\Users\BASTIA~1\DOCUME~1\ATMELS~1\7.0\NODE_0~1\NODE_0~1\NODE_0~1\ARDUIN~1\Debug\libArduinoCore.a(main.o)
                              C:/Program Files (x86)/Atmel/Studio/7.0/Packs/atmel/ATmega_DFP/1.2.150/gcc/dev/atmega328p/avr5/crtatmega328p.o (main)
C:\Users\BASTIA~1\DOCUME~1\ATMELS~1\7.0\NODE_0~1\NODE_0~1\NODE_0~1\ARDUIN~1\Debug\libArduinoCore.a(new.o)
                              src/libraries/CAN/src/CANController.o (_ZdlPv)
C:\Users\BASTIA~1\DOCUME~1\ATMELS~1\7.0\NODE_0~1\NODE_0~1\NODE_0~1\ARDUIN~1\Debug\libArduinoCore.a(Print.o)
                              C:\Users\BASTIA~1\DOCUME~1\ATMELS~1\7.0\NODE_0~1\NODE_0~1\NODE_0~1\ARDUIN~1\Debug\libArduinoCore.a(HardwareSerial.o) (_ZN5Print5writeEPKhj)
C:\Users\BASTIA~1\DOCUME~1\ATMELS~1\7.0\NODE_0~1\NODE_0~1\NODE_0~1\ARDUIN~1\Debug\libArduinoCore.a(Stream.o)
                              src/libraries/CAN/src/CANController.o (_ZN6Stream10setTimeoutEm)
C:\Users\BASTIA~1\DOCUME~1\ATMELS~1\7.0\NODE_0~1\NODE_0~1\NODE_0~1\ARDUIN~1\Debug\libArduinoCore.a(WInterrupts.o)
                              src/libraries/CAN/src/MCP2515.o (attachInterrupt)
C:\Users\BASTIA~1\DOCUME~1\ATMELS~1\7.0\NODE_0~1\NODE_0~1\NODE_0~1\ARDUIN~1\Debug\libArduinoCore.a(wiring.o)
                              C:\Users\BASTIA~1\DOCUME~1\ATMELS~1\7.0\NODE_0~1\NODE_0~1\NODE_0~1\ARDUIN~1\Debug\libArduinoCore.a(Stream.o) (millis)
C:\Users\BASTIA~1\DOCUME~1\ATMELS~1\7.0\NODE_0~1\NODE_0~1\NODE_0~1\ARDUIN~1\Debug\libArduinoCore.a(wiring_digital.o)
                              src/libraries/CAN/src/MCP2515.o (pinMode)
C:\Users\BASTIA~1\DOCUME~1\ATMELS~1\7.0\NODE_0~1\NODE_0~1\NODE_0~1\ARDUIN~1\Debug\libArduinoCore.a(WString.o)
                              C:\Users\BASTIA~1\DOCUME~1\ATMELS~1\7.0\NODE_0~1\NODE_0~1\NODE_0~1\ARDUIN~1\Debug\libArduinoCore.a(Stream.o) (_ZN6StringC1EPKc)
C:\Users\BASTIA~1\DOCUME~1\ATMELS~1\7.0\NODE_0~1\NODE_0~1\NODE_0~1\ARDUIN~1\Debug\libArduinoCore.a(abi.o)
                              C:\Users\BASTIA~1\DOCUME~1\ATMELS~1\7.0\NODE_0~1\NODE_0~1\NODE_0~1\ARDUIN~1\Debug\libArduinoCore.a(Print.o) (__cxa_pure_virtual)
c:/program files (x86)/atmel/studio/7.0/toolchain/avr8/avr8-gnu-toolchain/bin/../lib/gcc/avr/5.4.0/../../../../avr/lib/avr5\libm.a(addsf3.o)
                              C:\Users\BASTIA~1\DOCUME~1\ATMELS~1\7.0\NODE_0~1\NODE_0~1\NODE_0~1\ARDUIN~1\Debug\libArduinoCore.a(Print.o) (__subsf3)
c:/program files (x86)/atmel/studio/7.0/toolchain/avr8/avr8-gnu-toolchain/bin/../lib/gcc/avr/5.4.0/../../../../avr/lib/avr5\libm.a(addsf3x.o)
                              c:/program files (x86)/atmel/studio/7.0/toolchain/avr8/avr8-gnu-toolchain/bin/../lib/gcc/avr/5.4.0/../../../../avr/lib/avr5\libm.a(addsf3.o) (__addsf3x)
c:/program files (x86)/atmel/studio/7.0/toolchain/avr8/avr8-gnu-toolchain/bin/../lib/gcc/avr/5.4.0/../../../../avr/lib/avr5\libm.a(cmpsf2.o)
                              C:\Users\BASTIA~1\DOCUME~1\ATMELS~1\7.0\NODE_0~1\NODE_0~1\NODE_0~1\ARDUIN~1\Debug\libArduinoCore.a(Print.o) (__ltsf2)
c:/program files (x86)/atmel/studio/7.0/toolchain/avr8/avr8-gnu-toolchain/bin/../lib/gcc/avr/5.4.0/../../../../avr/lib/avr5\libm.a(divsf3.o)
                              C:\Users\BASTIA~1\DOCUME~1\ATMELS~1\7.0\NODE_0~1\NODE_0~1\NODE_0~1\ARDUIN~1\Debug\libArduinoCore.a(Print.o) (__divsf3)
c:/program files (x86)/atmel/studio/7.0/toolchain/avr8/avr8-gnu-toolchain/bin/../lib/gcc/avr/5.4.0/../../../../avr/lib/avr5\libm.a(divsf3x.o)
                              c:/program files (x86)/atmel/studio/7.0/toolchain/avr8/avr8-gnu-toolchain/bin/../lib/gcc/avr/5.4.0/../../../../avr/lib/avr5\libm.a(divsf3.o) (__divsf3x)
c:/program files (x86)/atmel/studio/7.0/toolchain/avr8/avr8-gnu-toolchain/bin/../lib/gcc/avr/5.4.0/../../../../avr/lib/avr5\libm.a(fixunssfsi.o)
                              C:\Users\BASTIA~1\DOCUME~1\ATMELS~1\7.0\NODE_0~1\NODE_0~1\NODE_0~1\ARDUIN~1\Debug\libArduinoCore.a(Print.o) (__fixunssfsi)
c:/program files (x86)/atmel/studio/7.0/toolchain/avr8/avr8-gnu-toolchain/bin/../lib/gcc/avr/5.4.0/../../../../avr/lib/avr5\libm.a(floatsisf.o)
                              C:\Users\BASTIA~1\DOCUME~1\ATMELS~1\7.0\NODE_0~1\NODE_0~1\NODE_0~1\ARDUIN~1\Debug\libArduinoCore.a(Print.o) (__floatunsisf)
c:/program files (x86)/atmel/studio/7.0/toolchain/avr8/avr8-gnu-toolchain/bin/../lib/gcc/avr/5.4.0/../../../../avr/lib/avr5\libm.a(fp_cmp.o)
[...]
Memory Configuration

Name             Origin             Length             Attributes
text             0x00000000         0x00020000         xr
data             0x00800060         0x0000ffa0         rw !x
eeprom           0x00810000         0x00010000         rw !x
fuse             0x00820000         0x00000003         rw !x
lock             0x00830000         0x00000400         rw !x
signature        0x00840000         0x00000400         rw !x
user_signatures  0x00850000         0x00000400         rw !x
*default*        0x00000000         0xffffffff

Linker script and memory map

Address of section .data set to 0x800100
LOAD C:/Program Files (x86)/Atmel/Studio/7.0/Packs/atmel/ATmega_DFP/1.2.150/gcc/dev/atmega328p/avr5/crtatmega328p.o
LOAD Hausbus.o
LOAD Sketch.o
LOAD src/libraries/CAN/src/CANController.o
LOAD src/libraries/CAN/src/ESP32SJA1000.o
LOAD src/libraries/CAN/src/MCP2515.o
LOAD src/libraries/SPI/src/SPI.o
START GROUP
LOAD c:/program files (x86)/atmel/studio/7.0/toolchain/avr8/avr8-gnu-toolchain/bin/../lib/gcc/avr/5.4.0/../../../../avr/lib/avr5\libm.a
LOAD C:\Users\BASTIA~1\DOCUME~1\ATMELS~1\7.0\NODE_0~1\NODE_0~1\NODE_0~1\ARDUIN~1\Debug\libArduinoCore.a
END GROUP
LOAD c:/program files (x86)/atmel/studio/7.0/toolchain/avr8/avr8-gnu-toolchain/bin/../lib/gcc/avr/5.4.0/avr5\libgcc.a
LOAD c:/program files (x86)/atmel/studio/7.0/toolchain/avr8/avr8-gnu-toolchain/bin/../lib/gcc/avr/5.4.0/../../../../avr/lib/avr5\libm.a
START GROUP
LOAD c:/program files (x86)/atmel/studio/7.0/toolchain/avr8/avr8-gnu-toolchain/bin/../lib/gcc/avr/5.4.0/avr5\libgcc.a
LOAD c:/program files (x86)/atmel/studio/7.0/toolchain/avr8/avr8-gnu-toolchain/bin/../lib/gcc/avr/5.4.0/../../../../avr/lib/avr5\libm.a
LOAD c:/program files (x86)/atmel/studio/7.0/toolchain/avr8/avr8-gnu-toolchain/bin/../lib/gcc/avr/5.4.0/../../../../avr/lib/avr5\libc.a
LOAD C:/Program Files (x86)/Atmel/Studio/7.0/Packs/atmel/ATmega_DFP/1.2.150/gcc/dev/atmega328p/avr5\libatmega328p.a
END GROUP
                0x00020000                __TEXT_REGION_LENGTH__ = DEFINED (__TEXT_REGION_LENGTH__)?__TEXT_REGION_LENGTH__:0x20000
                0x0000ffa0                __DATA_REGION_LENGTH__ = DEFINED (__DATA_REGION_LENGTH__)?__DATA_REGION_LENGTH__:0xffa0
                0x00010000                __EEPROM_REGION_LENGTH__ = DEFINED (__EEPROM_REGION_LENGTH__)?__EEPROM_REGION_LENGTH__:0x10000
                [0x00000003]                __FUSE_REGION_LENGTH__ = DEFINED (__FUSE_REGION_LENGTH__)?__FUSE_REGION_LENGTH__:0x400
                0x00000400                __LOCK_REGION_LENGTH__ = DEFINED (__LOCK_REGION_LENGTH__)?__LOCK_REGION_LENGTH__:0x400
                0x00000400                __SIGNATURE_REGION_LENGTH__ = DEFINED (__SIGNATURE_REGION_LENGTH__)?__SIGNATURE_REGION_LENGTH__:0x400
                0x00000400                __USER_SIGNATURE_REGION_LENGTH__ = DEFINED (__USER_SIGNATURE_REGION_LENGTH__)?__USER_SIGNATURE_REGION_LENGTH__:0x400

.hash
 *(.hash)

.dynsym
 *(.dynsym)

.dynstr
 *(.dynstr)

.gnu.version
 *(.gnu.version)

.gnu.version_d
 *(.gnu.version_d)

.gnu.version_r
 *(.gnu.version_r)

.rel.init
 *(.rel.init)

.rela.init
 *(.rela.init)

.rel.text
 *(.rel.text)
 *(.rel.text.*)
 *(.rel.gnu.linkonce.t*)

.rela.text
 *(.rela.text)
 *(.rela.text.*)
 *(.rela.gnu.linkonce.t*)

.rel.fini
 *(.rel.fini)

.rela.fini
 *(.rela.fini)

.rel.rodata
 *(.rel.rodata)
 *(.rel.rodata.*)
 *(.rel.gnu.linkonce.r*)

.rela.rodata
 *(.rela.rodata)
 *(.rela.rodata.*)
 *(.rela.gnu.linkonce.r*)

.rel.data
 *(.rel.data)
 *(.rel.data.*)
 *(.rel.gnu.linkonce.d*)

.rela.data
 *(.rela.data)
 *(.rela.data.*)
 *(.rela.gnu.linkonce.d*)

.rel.ctors
 *(.rel.ctors)

.rela.ctors
 *(.rela.ctors)

.rel.dtors
 *(.rel.dtors)

.rela.dtors
 *(.rela.dtors)

.rel.got
 *(.rel.got)

.rela.got
 *(.rela.got)

.rel.bss
 *(.rel.bss)

.rela.bss
 *(.rela.bss)

.rel.plt
 *(.rel.plt)

.rela.plt
 *(.rela.plt)

.text           0x00000000     0x2100
 *(.vectors)
 .vectors       0x00000000       0x68 C:/Program Files (x86)/Atmel/Studio/7.0/Packs/atmel/ATmega_DFP/1.2.150/gcc/dev/atmega328p/avr5/crtatmega328p.o
                0x00000000                __vector_default
                0x00000000                __vectors
 *(.vectors)
 *(.progmem.gcc*)
                0x00000068                . = ALIGN (0x2)
                0x00000068                __trampolines_start = .
 *(.trampolines)
 .trampolines   0x00000068        0x0 linker stubs
 *(.trampolines*)
                0x00000068                __trampolines_end = .
 *libprintf_flt.a:*(.progmem.data)
 *libc.a:*(.progmem.data)
 *(.progmem*)
 .progmem.data.digital_pin_to_timer_PGM
                0x00000068       0x14 C:\Users\BASTIA~1\DOCUME~1\ATMELS~1\7.0\NODE_0~1\NODE_0~1\NODE_0~1\ARDUIN~1\Debug\libArduinoCore.a(wiring_digital.o)
                0x00000068                digital_pin_to_timer_PGM
 .progmem.data.digital_pin_to_bit_mask_PGM
                0x0000007c       0x14 C:\Users\BASTIA~1\DOCUME~1\ATMELS~1\7.0\NODE_0~1\NODE_0~1\NODE_0~1\ARDUIN~1\Debug\libArduinoCore.a(wiring_digital.o)
                0x0000007c                digital_pin_to_bit_mask_PGM
 .progmem.data.digital_pin_to_port_PGM
                0x00000090       0x14 C:\Users\BASTIA~1\DOCUME~1\ATMELS~1\7.0\NODE_0~1\NODE_0~1\NODE_0~1\ARDUIN~1\Debug\libArduinoCore.a(wiring_digital.o)
                0x00000090                digital_pin_to_port_PGM
 .progmem.data.port_to_output_PGM
                0x000000a4        0xa C:\Users\BASTIA~1\DOCUME~1\ATMELS~1\7.0\NODE_0~1\NODE_0~1\NODE_0~1\ARDUIN~1\Debug\libArduinoCore.a(wiring_digital.o)
                0x000000a4                port_to_output_PGM
 .progmem.data.port_to_mode_PGM
                0x000000ae        0xa C:\Users\BASTIA~1\DOCUME~1\ATMELS~1\7.0\NODE_0~1\NODE_0~1\NODE_0~1\ARDUIN~1\Debug\libArduinoCore.a(wiring_digital.o)
                0x000000ae                port_to_mode_PGM
                0x000000b8                . = ALIGN (0x2)
 *(.jumptables)
 *(.jumptables*)
 *(.lowtext)
 *(.lowtext*)
                0x000000b8                __ctors_start = .
 *(.ctors)
 .ctors         0x000000b8        0x2 src/libraries/CAN/src/MCP2515.o
 .ctors         0x000000ba        0x2 C:\Users\BASTIA~1\DOCUME~1\ATMELS~1\7.0\NODE_0~1\NODE_0~1\NODE_0~1\ARDUIN~1\Debug\libArduinoCore.a(HardwareSerial0.o)
                0x000000bc                __ctors_end = .
                0x000000bc                __dtors_start = .
 *(.dtors)
 .dtors         0x000000bc        0x2 src/libraries/CAN/src/MCP2515.o
                0x000000be                __dtors_end = .
 SORT(*)(.ctors)
 SORT(*)(.dtors)
 *(.init0)
 .init0         0x000000be        0x0 C:/Program Files (x86)/Atmel/Studio/7.0/Packs/atmel/ATmega_DFP/1.2.150/gcc/dev/atmega328p/avr5/crtatmega328p.o
                0x000000be                __init
 *(.init0)
 *(.init1)
 *(.init1)
 *(.init2)
 .init2         0x000000be        0xc C:/Program Files (x86)/Atmel/Studio/7.0/Packs/atmel/ATmega_DFP/1.2.150/gcc/dev/atmega328p/avr5/crtatmega328p.o
 *(.init2)
 *(.init3)
 *(.init3)
 *(.init4)
 .init4         0x000000ca       0x16 c:/program files (x86)/atmel/studio/7.0/toolchain/avr8/avr8-gnu-toolchain/bin/../lib/gcc/avr/5.4.0/avr5\libgcc.a(_copy_data.o)
                0x000000ca                __do_copy_data
 .init4         0x000000e0       0x10 c:/program files (x86)/atmel/studio/7.0/toolchain/avr8/avr8-gnu-toolchain/bin/../lib/gcc/avr/5.4.0/avr5\libgcc.a(_clear_bss.o)
                0x000000e0                __do_clear_bss
 *(.init4)
 *(.init5)
 *(.init5)
 *(.init6)
 .init6         0x000000f0       0x16 c:/program files (x86)/atmel/studio/7.0/toolchain/avr8/avr8-gnu-toolchain/bin/../lib/gcc/avr/5.4.0/avr5\libgcc.a(_ctors.o)
                0x000000f0                __do_global_ctors
 *(.init6)
 *(.init7)
 *(.init7)
 *(.init8)
 *(.init8)
 *(.init9)
 .init9         0x00000106        0x8 C:/Program Files (x86)/Atmel/Studio/7.0/Packs/atmel/ATmega_DFP/1.2.150/gcc/dev/atmega328p/avr5/crtatmega328p.o
 *(.init9)
 *(.text)
 .text          0x0000010e        0x4 C:/Program Files (x86)/Atmel/Studio/7.0/Packs/atmel/ATmega_DFP/1.2.150/gcc/dev/atmega328p/avr5/crtatmega328p.o
                0x0000010e                __vector_22
                0x0000010e                __vector_24
                0x0000010e                __vector_12
                0x0000010e                __bad_interrupt
                0x0000010e                __vector_6
                0x0000010e                __vector_3
                0x0000010e                __vector_23
                0x0000010e                __vector_25
                0x0000010e                __vector_11
                0x0000010e                __vector_13
                0x0000010e                __vector_17
                0x0000010e                __vector_7
                0x0000010e                __vector_5
                0x0000010e                __vector_4
                0x0000010e                __vector_9
                0x0000010e                __vector_21
                0x0000010e                __vector_15
                0x0000010e                __vector_8
                0x0000010e                __vector_14
                0x0000010e                __vector_10
                0x0000010e                __vector_20
                0x00000112                . = ALIGN (0x2)
 *(.text.*)
 .text._Z17ID_ZusammensetzenPh
                0x00000112       0x5e Hausbus.o
                0x00000112                _Z17ID_ZusammensetzenPh
 .text._Z18ID_Maske_berechnenPmh
                0x00000170       0x36 Hausbus.o
                0x00000170                _Z18ID_Maske_berechnenPmh
 .text.setup    0x000001a6      0x25a Sketch.o
                0x000001a6                setup
 .text.loop     0x00000400       0xf8 Sketch.o
                0x00000400                loop
 .text._ZN5Print17availableForWriteEv
                0x000004f8        0x6 src/libraries/CAN/src/CANController.o
                0x000004f8                _ZN5Print17availableForWriteEv
 .text._ZN18CANControllerClass6filterEi
                0x000004fe       0x12 src/libraries/CAN/src/CANController.o
                0x000004fe                _ZN18CANControllerClass6filterEi
 .text._ZN18CANControllerClass14filterExtendedEl
                0x00000510       0x20 src/libraries/CAN/src/CANController.o
                0x00000510                _ZN18CANControllerClass14filterExtendedEl
 .text._ZN18CANControllerClassD2Ev
                0x00000530        0x2 src/libraries/CAN/src/CANController.o
                0x00000530                _ZN18CANControllerClassD2Ev
                0x00000530                _ZN18CANControllerClassD1Ev
 .text._ZN18CANControllerClass5beginEl
                0x00000532       0x38 src/libraries/CAN/src/CANController.o
                0x00000532                _ZN18CANControllerClass5beginEl
 .text._ZN18CANControllerClass5writeEh
                0x0000056a       0x2c src/libraries/CAN/src/CANController.o
                0x0000056a                _ZN18CANControllerClass5writeEh
 .text._ZN18CANControllerClass9availableEv
                0x00000596       0x10 src/libraries/CAN/src/CANController.o
                0x00000596                _ZN18CANControllerClass9availableEv
 .text._ZN18CANControllerClass4readEv
                0x000005a6       0x38 src/libraries/CAN/src/CANController.o
                0x000005a6                _ZN18CANControllerClass4readEv
 .text._ZN18CANControllerClass4peekEv
                0x000005de       0x2e src/libraries/CAN/src/CANController.o
                0x000005de                _ZN18CANControllerClass4peekEv
 .text._ZN18CANControllerClass5flushEv
                0x0000060c        0x2 src/libraries/CAN/src/CANController.o
                0x0000060c                _ZN18CANControllerClass5flushEv
                0x0000060c                _ZN18CANControllerClass3endEv
 .text._ZN18CANControllerClass9onReceiveEPFviE
                0x0000060e        0x8 src/libraries/CAN/src/CANController.o
                0x0000060e                _ZN18CANControllerClass9onReceiveEPFviE
 .text._ZN18CANControllerClass6filterEii
                0x00000616        0x6 src/libraries/CAN/src/CANController.o
                0x00000616                _ZN18CANControllerClass6filterEii
 .text._ZN18CANControllerClass14filterExtendedEll
                0x0000061c        0x6 src/libraries/CAN/src/CANController.o
                0x0000061c                _ZN18CANControllerClass14filterExtendedEll
 .text._ZN18CANControllerClass6wakeupEv
                0x00000622        0x6 src/libraries/CAN/src/CANController.o
                0x00000622                _ZN18CANControllerClass5sleepEv
                0x00000622                _ZN18CANControllerClass7observeEv
                0x00000622                _ZN18CANControllerClass6wakeupEv
                0x00000622                _ZN18CANControllerClass8loopbackEv
                0x00000622                _ZN18CANControllerClass11parsePacketEv
 .text._ZN18CANControllerClassD0Ev
                0x00000628        0x4 src/libraries/CAN/src/CANController.o
                0x00000628                _ZN18CANControllerClassD0Ev
 .text._ZN18CANControllerClass5writeEPKhj
                0x0000062c       0x56 src/libraries/CAN/src/CANController.o
                0x0000062c                _ZN18CANControllerClass5writeEPKhj
 .text._ZN18CANControllerClass9endPacketEv
                0x00000682       0x24 src/libraries/CAN/src/CANController.o
                0x00000682                _ZN18CANControllerClass9endPacketEv
 .text._ZN18CANControllerClassC2Ev
                0x000006a6       0x64 src/libraries/CAN/src/CANController.o
                0x000006a6                _ZN18CANControllerClassC1Ev
                0x000006a6                _ZN18CANControllerClassC2Ev
 .text._ZN18CANControllerClass19beginExtendedPacketElib
                0x0000070a       0x48 src/libraries/CAN/src/CANController.o
                0x0000070a                _ZN18CANControllerClass19beginExtendedPacketElib
 .text._ZN18CANControllerClass8packetIdEv
                0x00000752        0xc src/libraries/CAN/src/CANController.o
                0x00000752                _ZN18CANControllerClass8packetIdEv
 .text._ZN18CANControllerClass14packetExtendedEv
                0x0000075e        0x6 src/libraries/CAN/src/CANController.o
                0x0000075e                _ZN18CANControllerClass14packetExtendedEv
 .text._ZN18CANControllerClass9packetRtrEv
                0x00000764        0x6 src/libraries/CAN/src/CANController.o
                0x00000764                _ZN18CANControllerClass9packetRtrEv
 .text._ZN18CANControllerClass9packetDlcEv
                0x0000076a        0x8 src/libraries/CAN/src/CANController.o
                0x0000076a                _ZN18CANControllerClass9packetDlcEv
 .text._ZN12MCP2515ClassD2Ev
                0x00000772        0xe src/libraries/CAN/src/MCP2515.o
                0x00000772                _ZN12MCP2515ClassD2Ev
                0x00000772                _ZN12MCP2515ClassD1Ev
 .text._ZN12MCP2515ClassD0Ev
                0x00000780       0x14 src/libraries/CAN/src/MCP2515.o
                0x00000780                _ZN12MCP2515ClassD0Ev
 .text._ZN8SPIClass16beginTransactionE11SPISettings
                0x00000794       0x34 src/libraries/CAN/src/MCP2515.o
                0x00000794                _ZN8SPIClass16beginTransactionE11SPISettings
 .text._ZN8SPIClass8transferEh
                0x000007c8        0xe src/libraries/CAN/src/MCP2515.o
                0x000007c8                _ZN8SPIClass8transferEh
 .text._ZN8SPIClass14endTransactionEv
                0x000007d6       0x22 src/libraries/CAN/src/MCP2515.o
                0x000007d6                _ZN8SPIClass14endTransactionEv
 .text._ZN12MCP2515ClassC2Ev
                0x000007f8       0x40 src/libraries/CAN/src/MCP2515.o
                0x000007f8                _ZN12MCP2515ClassC2Ev
                0x000007f8                _ZN12MCP2515ClassC1Ev
 .text._ZN12MCP2515Class5resetEv
                0x00000838       0x34 src/libraries/CAN/src/MCP2515.o
                0x00000838                _ZN12MCP2515Class5resetEv
 .text._ZN12MCP2515Class12readRegisterEh
                0x0000086c       0x44 src/libraries/CAN/src/MCP2515.o
                0x0000086c                _ZN12MCP2515Class12readRegisterEh
 .text._ZN12MCP2515Class15handleInterruptEv
                0x000008b0       0x48 src/libraries/CAN/src/MCP2515.o
                0x000008b0                _ZN12MCP2515Class15handleInterruptEv
 .text._ZN12MCP2515Class11onInterruptEv
                0x000008f8        0x8 src/libraries/CAN/src/MCP2515.o
                0x000008f8                _ZN12MCP2515Class11onInterruptEv
 .text._ZN12MCP2515Class14modifyRegisterEhhh
                0x00000900       0x50 src/libraries/CAN/src/MCP2515.o
                0x00000900                _ZN12MCP2515Class14modifyRegisterEhhh
 .text._ZN12MCP2515Class11parsePacketEv
                0x00000950      0x19a src/libraries/CAN/src/MCP2515.o
                0x00000950                _ZN12MCP2515Class11parsePacketEv
 .text._ZN12MCP2515Class13writeRegisterEhh
                0x00000aea       0x44 src/libraries/CAN/src/MCP2515.o
                0x00000aea                _ZN12MCP2515Class13writeRegisterEhh
 .text._ZN12MCP2515Class6filterEii
                0x00000b2e      0x13c src/libraries/CAN/src/MCP2515.o
                0x00000b2e                _ZN12MCP2515Class6filterEii
 .text._ZN12MCP2515Class14filterExtendedEll
                0x00000c6a      0x1fc src/libraries/CAN/src/MCP2515.o
                0x00000c6a                _ZN12MCP2515Class14filterExtendedEll
 .text._ZN12MCP2515Class7observeEv
                0x00000e66       0x2a src/libraries/CAN/src/MCP2515.o
                0x00000e66                _ZN12MCP2515Class7observeEv
 .text._ZN12MCP2515Class8loopbackEv
                0x00000e90       0x2a src/libraries/CAN/src/MCP2515.o
                0x00000e90                _ZN12MCP2515Class8loopbackEv
 .text._ZN12MCP2515Class5sleepEv
                0x00000eba       0x2a src/libraries/CAN/src/MCP2515.o
                0x00000eba                _ZN12MCP2515Class5sleepEv
 .text._ZN12MCP2515Class6wakeupEv
                0x00000ee4       0x2a src/libraries/CAN/src/MCP2515.o
                0x00000ee4                _ZN12MCP2515Class6wakeupEv
 .text._ZN12MCP2515Class5beginEl.part.3.constprop.6
                0x00000f0e      0x148 src/libraries/CAN/src/MCP2515.o
 .text.startup._GLOBAL__sub_I__ZN12MCP2515ClassC2Ev
                0x00001056        0x8 src/libraries/CAN/src/MCP2515.o
 .text.exit._GLOBAL__sub_D__ZN12MCP2515ClassC2Ev
                0x0000105e        0x8 src/libraries/CAN/src/MCP2515.o
 .text._ZN12MCP2515Class5beginEl
                0x00001066       0x66 src/libraries/CAN/src/MCP2515.o
                0x00001066                _ZN12MCP2515Class5beginEl
 .text._ZN12MCP2515Class3endEv
                0x000010cc       0x14 src/libraries/CAN/src/MCP2515.o
                0x000010cc                _ZN12MCP2515Class3endEv
 .text._ZN12MCP2515Class9endPacketEv
                0x000010e0      0x18e src/libraries/CAN/src/MCP2515.o
                0x000010e0                _ZN12MCP2515Class9endPacketEv
 .text._ZN12MCP2515Class9onReceiveEPFviE
                0x0000126e       0xa0 src/libraries/CAN/src/MCP2515.o
                0x0000126e                _ZN12MCP2515Class9onReceiveEPFviE
 .text._ZN8SPIClass5beginEv
                0x0000130e       0x6c src/libraries/SPI/src/SPI.o
                0x0000130e                _ZN8SPIClass5beginEv
 .text._ZN8SPIClass3endEv
                0x0000137a       0x28 src/libraries/SPI/src/SPI.o
                0x0000137a                _ZN8SPIClass3endEv
 .text._ZN8SPIClass14usingInterruptEh
                0x000013a2       0x38 src/libraries/SPI/src/SPI.o
                0x000013a2                _ZN8SPIClass14usingInterruptEh
 .text._ZN8SPIClass17notUsingInterruptEh
                0x000013da       0x36 src/libraries/SPI/src/SPI.o
                0x000013da                _ZN8SPIClass17notUsingInterruptEh
 .text._ZN14HardwareSerial9availableEv
                0x00001410       0x18 C:\Users\BASTIA~1\DOCUME~1\ATMELS~1\7.0\NODE_0~1\NODE_0~1\NODE_0~1\ARDUIN~1\Debug\libArduinoCore.a(HardwareSerial.o)
                0x00001410                _ZN14HardwareSerial9availableEv
 .text._ZN14HardwareSerial4peekEv
                0x00001428       0x1c C:\Users\BASTIA~1\DOCUME~1\ATMELS~1\7.0\NODE_0~1\NODE_0~1\NODE_0~1\ARDUIN~1\Debug\libArduinoCore.a(HardwareSerial.o)
                0x00001428                _ZN14HardwareSerial4peekEv
 .text._ZN14HardwareSerial4readEv
                0x00001444       0x28 C:\Users\BASTIA~1\DOCUME~1\ATMELS~1\7.0\NODE_0~1\NODE_0~1\NODE_0~1\ARDUIN~1\Debug\libArduinoCore.a(HardwareSerial.o)
                0x00001444                _ZN14HardwareSerial4readEv
 .text._ZN14HardwareSerial17availableForWriteEv
                0x0000146c       0x1e C:\Users\BASTIA~1\DOCUME~1\ATMELS~1\7.0\NODE_0~1\NODE_0~1\NODE_0~1\ARDUIN~1\Debug\libArduinoCore.a(HardwareSerial.o)
                0x0000146c                _ZN14HardwareSerial17availableForWriteEv
 .text._Z14serialEventRunv
                0x0000148a       0x1c C:\Users\BASTIA~1\DOCUME~1\ATMELS~1\7.0\NODE_0~1\NODE_0~1\NODE_0~1\ARDUIN~1\Debug\libArduinoCore.a(HardwareSerial.o)
                0x0000148a                _Z14serialEventRunv
 .text._ZN14HardwareSerial17_tx_udr_empty_irqEv
                0x000014a6       0x42 C:\Users\BASTIA~1\DOCUME~1\ATMELS~1\7.0\NODE_0~1\NODE_0~1\NODE_0~1\ARDUIN~1\Debug\libArduinoCore.a(HardwareSerial.o)
                0x000014a6                _ZN14HardwareSerial17_tx_udr_empty_irqEv
 .text._ZN14HardwareSerial5writeEh
                0x000014e8       0x8e C:\Users\BASTIA~1\DOCUME~1\ATMELS~1\7.0\NODE_0~1\NODE_0~1\NODE_0~1\ARDUIN~1\Debug\libArduinoCore.a(HardwareSerial.o)
                0x000014e8                _ZN14HardwareSerial5writeEh
 .text._ZN14HardwareSerial5flushEv
                0x00001576       0x44 C:\Users\BASTIA~1\DOCUME~1\ATMELS~1\7.0\NODE_0~1\NODE_0~1\NODE_0~1\ARDUIN~1\Debug\libArduinoCore.a(HardwareSerial.o)
                0x00001576                _ZN14HardwareSerial5flushEv
 .text._ZN14HardwareSerial5beginEmh
                0x000015ba       0xca C:\Users\BASTIA~1\DOCUME~1\ATMELS~1\7.0\NODE_0~1\NODE_0~1\NODE_0~1\ARDUIN~1\Debug\libArduinoCore.a(HardwareSerial.o)
                0x000015ba                _ZN14HardwareSerial5beginEmh
 .text._ZN14HardwareSerial5beginEm
                0x00001684        0x6 C:\Users\BASTIA~1\DOCUME~1\ATMELS~1\7.0\NODE_0~1\NODE_0~1\NODE_0~1\ARDUIN~1\Debug\libArduinoCore.a(HardwareSerial.o)
                0x00001684                _ZN14HardwareSerial5beginEm
 .text.__vector_18
                0x0000168a       0x64 C:\Users\BASTIA~1\DOCUME~1\ATMELS~1\7.0\NODE_0~1\NODE_0~1\NODE_0~1\ARDUIN~1\Debug\libArduinoCore.a(HardwareSerial0.o)
                0x0000168a                __vector_18
 .text.__vector_19
                0x000016ee       0x4c C:\Users\BASTIA~1\DOCUME~1\ATMELS~1\7.0\NODE_0~1\NODE_0~1\NODE_0~1\ARDUIN~1\Debug\libArduinoCore.a(HardwareSerial0.o)
                0x000016ee                __vector_19
 .text._Z17Serial0_availablev
                0x0000173a       0x14 C:\Users\BASTIA~1\DOCUME~1\ATMELS~1\7.0\NODE_0~1\NODE_0~1\NODE_0~1\ARDUIN~1\Debug\libArduinoCore.a(HardwareSerial0.o)
                0x0000173a                _Z17Serial0_availablev
 .text.startup._GLOBAL__sub_I___vector_18
                0x0000174e       0x5a C:\Users\BASTIA~1\DOCUME~1\ATMELS~1\7.0\NODE_0~1\NODE_0~1\NODE_0~1\ARDUIN~1\Debug\libArduinoCore.a(HardwareSerial0.o)
 .text.__empty  0x000017a8        0x2 C:\Users\BASTIA~1\DOCUME~1\ATMELS~1\7.0\NODE_0~1\NODE_0~1\NODE_0~1\ARDUIN~1\Debug\libArduinoCore.a(hooks.o)
                0x000017a8                yield
 .text.initVariant
                0x000017aa        0x2 C:\Users\BASTIA~1\DOCUME~1\ATMELS~1\7.0\NODE_0~1\NODE_0~1\NODE_0~1\ARDUIN~1\Debug\libArduinoCore.a(main.o)
                0x000017aa                initVariant
 .text.startup.main
                0x000017ac       0x1e C:\Users\BASTIA~1\DOCUME~1\ATMELS~1\7.0\NODE_0~1\NODE_0~1\NODE_0~1\ARDUIN~1\Debug\libArduinoCore.a(main.o)
                0x000017ac                main
 .text._ZdlPv   0x000017ca        0x4 C:\Users\BASTIA~1\DOCUME~1\ATMELS~1\7.0\NODE_0~1\NODE_0~1\NODE_0~1\ARDUIN~1\Debug\libArduinoCore.a(new.o)
                0x000017ca                _ZdlPv
 .text._ZN5Print5writeEPKhj
                0x000017ce       0x54 C:\Users\BASTIA~1\DOCUME~1\ATMELS~1\7.0\NODE_0~1\NODE_0~1\NODE_0~1\ARDUIN~1\Debug\libArduinoCore.a(Print.o)
                0x000017ce                _ZN5Print5writeEPKhj
 .text._ZN5Print5writeEPKc
                0x00001822       0x2a C:\Users\BASTIA~1\DOCUME~1\ATMELS~1\7.0\NODE_0~1\NODE_0~1\NODE_0~1\ARDUIN~1\Debug\libArduinoCore.a(Print.o)
                0x00001822                _ZN5Print5writeEPKc
 .text._ZN5Print5printEPKc
                0x0000184c        0x4 C:\Users\BASTIA~1\DOCUME~1\ATMELS~1\7.0\NODE_0~1\NODE_0~1\NODE_0~1\ARDUIN~1\Debug\libArduinoCore.a(Print.o)
                0x0000184c                _ZN5Print5printEPKc
 .text._ZN5Print5printEc
                0x00001850        0xe C:\Users\BASTIA~1\DOCUME~1\ATMELS~1\7.0\NODE_0~1\NODE_0~1\NODE_0~1\ARDUIN~1\Debug\libArduinoCore.a(Print.o)
                0x00001850                _ZN5Print5printEc
 .text._ZN5Print7printlnEv
                0x0000185e        0x8 C:\Users\BASTIA~1\DOCUME~1\ATMELS~1\7.0\NODE_0~1\NODE_0~1\NODE_0~1\ARDUIN~1\Debug\libArduinoCore.a(Print.o)
                0x0000185e                _ZN5Print7printlnEv
 .text._ZN5Print7printlnEPKc
                0x00001866       0x24 C:\Users\BASTIA~1\DOCUME~1\ATMELS~1\7.0\NODE_0~1\NODE_0~1\NODE_0~1\ARDUIN~1\Debug\libArduinoCore.a(Print.o)
                0x00001866                _ZN5Print7printlnEPKc
 .text._ZN5Print11printNumberEmh
                0x0000188a       0x92 C:\Users\BASTIA~1\DOCUME~1\ATMELS~1\7.0\NODE_0~1\NODE_0~1\NODE_0~1\ARDUIN~1\Debug\libArduinoCore.a(Print.o)
                0x0000188a                _ZN5Print11printNumberEmh
 .text._ZN5Print5printEmi
                0x0000191c       0x1a C:\Users\BASTIA~1\DOCUME~1\ATMELS~1\7.0\NODE_0~1\NODE_0~1\NODE_0~1\ARDUIN~1\Debug\libArduinoCore.a(Print.o)
                0x0000191c                _ZN5Print5printEmi
 .text._ZN5Print5printEhi
                0x00001936        0xe C:\Users\BASTIA~1\DOCUME~1\ATMELS~1\7.0\NODE_0~1\NODE_0~1\NODE_0~1\ARDUIN~1\Debug\libArduinoCore.a(Print.o)
                0x00001936                _ZN5Print5printEhi
 .text._ZN5Print7printlnEmi
                0x00001944       0x24 C:\Users\BASTIA~1\DOCUME~1\ATMELS~1\7.0\NODE_0~1\NODE_0~1\NODE_0~1\ARDUIN~1\Debug\libArduinoCore.a(Print.o)
                0x00001944                _ZN5Print7printlnEmi
 .text._ZN5Print5printEli
                0x00001968       0x90 C:\Users\BASTIA~1\DOCUME~1\ATMELS~1\7.0\NODE_0~1\NODE_0~1\NODE_0~1\ARDUIN~1\Debug\libArduinoCore.a(Print.o)
                0x00001968                _ZN5Print5printEli
 .text._ZN5Print5printEii
                0x000019f8        0xe C:\Users\BASTIA~1\DOCUME~1\ATMELS~1\7.0\NODE_0~1\NODE_0~1\NODE_0~1\ARDUIN~1\Debug\libArduinoCore.a(Print.o)
                0x000019f8                _ZN5Print5printEii
 .text._ZN5Print7printlnEii
                0x00001a06       0x24 C:\Users\BASTIA~1\DOCUME~1\ATMELS~1\7.0\NODE_0~1\NODE_0~1\NODE_0~1\ARDUIN~1\Debug\libArduinoCore.a(Print.o)
                0x00001a06                _ZN5Print7printlnEii
 .text._ZN6Stream9timedReadEv
                0x00001a2a       0x60 C:\Users\BASTIA~1\DOCUME~1\ATMELS~1\7.0\NODE_0~1\NODE_0~1\NODE_0~1\ARDUIN~1\Debug\libArduinoCore.a(Stream.o)
                0x00001a2a                _ZN6Stream9timedReadEv
 .text._ZN6Stream10setTimeoutEm
                0x00001a8a        0xc C:\Users\BASTIA~1\DOCUME~1\ATMELS~1\7.0\NODE_0~1\NODE_0~1\NODE_0~1\ARDUIN~1\Debug\libArduinoCore.a(Stream.o)
                0x00001a8a                _ZN6Stream10setTimeoutEm
 .text._ZN6Stream9readBytesEPcj
                0x00001a96       0x4a C:\Users\BASTIA~1\DOCUME~1\ATMELS~1\7.0\NODE_0~1\NODE_0~1\NODE_0~1\ARDUIN~1\Debug\libArduinoCore.a(Stream.o)
                0x00001a96                _ZN6Stream9readBytesEPcj
 .text.nothing  0x00001ae0        0x2 C:\Users\BASTIA~1\DOCUME~1\ATMELS~1\7.0\NODE_0~1\NODE_0~1\NODE_0~1\ARDUIN~1\Debug\libArduinoCore.a(WInterrupts.o)
 .text.attachInterrupt
                0x00001ae2       0x40 C:\Users\BASTIA~1\DOCUME~1\ATMELS~1\7.0\NODE_0~1\NODE_0~1\NODE_0~1\ARDUIN~1\Debug\libArduinoCore.a(WInterrupts.o)
                0x00001ae2                attachInterrupt
 .text.detachInterrupt
                0x00001b22       0x24 C:\Users\BASTIA~1\DOCUME~1\ATMELS~1\7.0\NODE_0~1\NODE_0~1\NODE_0~1\ARDUIN~1\Debug\libArduinoCore.a(WInterrupts.o)
                0x00001b22                detachInterrupt
 .text.__vector_1
                0x00001b46       0x4e C:\Users\BASTIA~1\DOCUME~1\ATMELS~1\7.0\NODE_0~1\NODE_0~1\NODE_0~1\ARDUIN~1\Debug\libArduinoCore.a(WInterrupts.o)
                0x00001b46                __vector_1
 .text.__vector_2
                0x00001b94       0x4e C:\Users\BASTIA~1\DOCUME~1\ATMELS~1\7.0\NODE_0~1\NODE_0~1\NODE_0~1\ARDUIN~1\Debug\libArduinoCore.a(WInterrupts.o)
                0x00001b94                __vector_2
 .text.__vector_16
                0x00001be2       0x94 C:\Users\BASTIA~1\DOCUME~1\ATMELS~1\7.0\NODE_0~1\NODE_0~1\NODE_0~1\ARDUIN~1\Debug\libArduinoCore.a(wiring.o)
                0x00001be2                __vector_16
 .text.millis   0x00001c76       0x18 C:\Users\BASTIA~1\DOCUME~1\ATMELS~1\7.0\NODE_0~1\NODE_0~1\NODE_0~1\ARDUIN~1\Debug\libArduinoCore.a(wiring.o)
                0x00001c76                millis
 .text.delayMicroseconds
                0x00001c8e       0x16 C:\Users\BASTIA~1\DOCUME~1\ATMELS~1\7.0\NODE_0~1\NODE_0~1\NODE_0~1\ARDUIN~1\Debug\libArduinoCore.a(wiring.o)
                0x00001c8e                delayMicroseconds
 .text.init     0x00001ca4       0x76 C:\Users\BASTIA~1\DOCUME~1\ATMELS~1\7.0\NODE_0~1\NODE_0~1\NODE_0~1\ARDUIN~1\Debug\libArduinoCore.a(wiring.o)
                0x00001ca4                init
 .text.turnOffPWM
                0x00001d1a       0x52 C:\Users\BASTIA~1\DOCUME~1\ATMELS~1\7.0\NODE_0~1\NODE_0~1\NODE_0~1\ARDUIN~1\Debug\libArduinoCore.a(wiring_digital.o)
 .text.pinMode  0x00001d6c       0x78 C:\Users\BASTIA~1\DOCUME~1\ATMELS~1\7.0\NODE_0~1\NODE_0~1\NODE_0~1\ARDUIN~1\Debug\libArduinoCore.a(wiring_digital.o)
                0x00001d6c                pinMode
 .text.digitalWrite
                0x00001de4       0x5e C:\Users\BASTIA~1\DOCUME~1\ATMELS~1\7.0\NODE_0~1\NODE_0~1\NODE_0~1\ARDUIN~1\Debug\libArduinoCore.a(wiring_digital.o)
                0x00001de4                digitalWrite
 .text.libgcc.div
                0x00001e42       0x44 c:/program files (x86)/atmel/studio/7.0/toolchain/avr8/avr8-gnu-toolchain/bin/../lib/gcc/avr/5.4.0/avr5\libgcc.a(_udivmodsi4.o)
                0x00001e42                __udivmodsi4
 .text.libgcc   0x00001e86        0xc c:/program files (x86)/atmel/studio/7.0/toolchain/avr8/avr8-gnu-toolchain/bin/../lib/gcc/avr/5.4.0/avr5\libgcc.a(_tablejump2.o)
                0x00001e86                __tablejump2__
 .text.avr-libc
                0x00001e92      0x242 c:/program files (x86)/atmel/studio/7.0/toolchain/avr8/avr8-gnu-toolchain/bin/../lib/gcc/avr/5.4.0/../../../../avr/lib/avr5\libc.a(malloc.o)
                0x00001e92                malloc
                0x00001fc2                free
 .text.avr-libc
                0x000020d4       0x12 c:/program files (x86)/atmel/studio/7.0/toolchain/avr8/avr8-gnu-toolchain/bin/../lib/gcc/avr/5.4.0/../../../../avr/lib/avr5\libc.a(memcpy.o)
                0x000020d4                memcpy
                0x000020e6                . = ALIGN (0x2)
 *(.fini9)
 .fini9         0x000020e6        0x0 c:/program files (x86)/atmel/studio/7.0/toolchain/avr8/avr8-gnu-toolchain/bin/../lib/gcc/avr/5.4.0/avr5\libgcc.a(_exit.o)
                0x000020e6                _exit
                0x000020e6                exit
 *(.fini9)
 *(.fini8)
 *(.fini8)
 *(.fini7)
 *(.fini7)
 *(.fini6)
 .fini6         0x000020e6       0x16 c:/program files (x86)/atmel/studio/7.0/toolchain/avr8/avr8-gnu-toolchain/bin/../lib/gcc/avr/5.4.0/avr5\libgcc.a(_dtors.o)
                0x000020e6                __do_global_dtors
 *(.fini6)
 *(.fini5)
 *(.fini5)
 *(.fini4)
 *(.fini4)
 *(.fini3)
 *(.fini3)
 *(.fini2)
 *(.fini2)
 *(.fini1)
 *(.fini1)
 *(.fini0)
 .fini0         0x000020fc        0x4 c:/program files (x86)/atmel/studio/7.0/toolchain/avr8/avr8-gnu-toolchain/bin/../lib/gcc/avr/5.4.0/avr5\libgcc.a(_exit.o)
 *(.fini0)
                0x00002100                _etext = .

.data           0x00800100      0x2e2 load address 0x00002100
                0x00800100                PROVIDE (__data_start, .)
 *(.data)
 .data          0x00800100        0x6 c:/program files (x86)/atmel/studio/7.0/toolchain/avr8/avr8-gnu-toolchain/bin/../lib/gcc/avr/5.4.0/../../../../avr/lib/avr5\libc.a(malloc.o)
                0x00800100                __malloc_heap_end
                0x00800102                __malloc_heap_start
                0x00800104                __malloc_margin
 *(.data*)
 .data.intFunc  0x00800106        0x4 C:\Users\BASTIA~1\DOCUME~1\ATMELS~1\7.0\NODE_0~1\NODE_0~1\NODE_0~1\ARDUIN~1\Debug\libArduinoCore.a(WInterrupts.o)
 *(.gnu.linkonce.d*)
 *(.rodata)
 .rodata        0x0080010a      0x108 src/libraries/CAN/src/MCP2515.o
 *(.rodata*)
 .rodata.str1.1
                0x00800212      0x14e Sketch.o
 .rodata._ZTV18CANControllerClass
                0x00800360       0x30 src/libraries/CAN/src/CANController.o
                0x00800360                _ZTV18CANControllerClass
 .rodata._ZTV12MCP2515Class
                0x00800390       0x30 src/libraries/CAN/src/MCP2515.o
                0x00800390                _ZTV12MCP2515Class
 .rodata._ZTV14HardwareSerial
                0x008003c0       0x12 C:\Users\BASTIA~1\DOCUME~1\ATMELS~1\7.0\NODE_0~1\NODE_0~1\NODE_0~1\ARDUIN~1\Debug\libArduinoCore.a(HardwareSerial.o)
                0x008003c0                _ZTV14HardwareSerial
 .rodata.str1.1
                0x008003d2        0xf C:\Users\BASTIA~1\DOCUME~1\ATMELS~1\7.0\NODE_0~1\NODE_0~1\NODE_0~1\ARDUIN~1\Debug\libArduinoCore.a(Print.o)
 *(.gnu.linkonce.r*)
                0x008003e2                . = ALIGN (0x2)
 *fill*         0x008003e1        0x1 
                0x008003e2                _edata = .
                0x008003e2                PROVIDE (__data_end, .)

.bss            0x008003e2      0x13f
                0x008003e2                PROVIDE (__bss_start, .)
 *(.bss)
 *(.bss*)
 .bss.CAN_Message_detected
                0x008003e2        0x1 Sketch.o
                0x008003e2                CAN_Message_detected
 .bss.CAN_UID_LIST_Complete
                0x008003e3        0x1 Sketch.o
                0x008003e3                CAN_UID_LIST_Complete
 .bss.CAN_UID_List
                0x008003e4       0x50 Sketch.o
                0x008003e4                CAN_UID_List
 .bss.CAN       0x00800434       0x3f src/libraries/CAN/src/MCP2515.o
                0x00800434                CAN
 .bss._ZN8SPIClass13interruptSaveE
                0x00800473        0x1 src/libraries/SPI/src/SPI.o
                0x00800473                _ZN8SPIClass13interruptSaveE
 .bss._ZN8SPIClass13interruptMaskE
                0x00800474        0x1 src/libraries/SPI/src/SPI.o
                0x00800474                _ZN8SPIClass13interruptMaskE
 .bss._ZN8SPIClass13interruptModeE
                0x00800475        0x1 src/libraries/SPI/src/SPI.o
                0x00800475                _ZN8SPIClass13interruptModeE
 .bss._ZN8SPIClass11initializedE
                0x00800476        0x1 src/libraries/SPI/src/SPI.o
                0x00800476                _ZN8SPIClass11initializedE
 .bss.Serial    0x00800477       0x9d C:\Users\BASTIA~1\DOCUME~1\ATMELS~1\7.0\NODE_0~1\NODE_0~1\NODE_0~1\ARDUIN~1\Debug\libArduinoCore.a(HardwareSerial0.o)
                0x00800477                Serial
 .bss.timer0_fract
                0x00800514        0x1 C:\Users\BASTIA~1\DOCUME~1\ATMELS~1\7.0\NODE_0~1\NODE_0~1\NODE_0~1\ARDUIN~1\Debug\libArduinoCore.a(wiring.o)
 .bss.timer0_millis
                0x00800515        0x4 C:\Users\BASTIA~1\DOCUME~1\ATMELS~1\7.0\NODE_0~1\NODE_0~1\NODE_0~1\ARDUIN~1\Debug\libArduinoCore.a(wiring.o)
                0x00800515                timer0_millis
 .bss.timer0_overflow_count
                0x00800519        0x4 C:\Users\BASTIA~1\DOCUME~1\ATMELS~1\7.0\NODE_0~1\NODE_0~1\NODE_0~1\ARDUIN~1\Debug\libArduinoCore.a(wiring.o)
                0x00800519                timer0_overflow_count
 *(COMMON)
 COMMON         0x0080051d        0x4 c:/program files (x86)/atmel/studio/7.0/toolchain/avr8/avr8-gnu-toolchain/bin/../lib/gcc/avr/5.4.0/../../../../avr/lib/avr5\libc.a(malloc.o)
                0x0080051d                __brkval
                0x0080051f                __flp
                0x00800521                PROVIDE (__bss_end, .)
                0x00002100                __data_load_start = LOADADDR (.data)
                0x000023e2                __data_load_end = (__data_load_start + SIZEOF (.data))

.noinit         0x00800521        0x0
                [!provide]                PROVIDE (__noinit_start, .)
 *(.noinit*)
                [!provide]                PROVIDE (__noinit_end, .)
                0x00800521                _end = .
                0x00800521                PROVIDE (__heap_start, .)

.eeprom         0x00810000        0x8
 *(.eeprom*)
 .eeprom        0x00810000        0x8 Sketch.o
                0x00810000                EEPROM_UID_KELLER_HUB
                0x00810004                EEPROM_UID_NODE
                0x00810008                __eeprom_end = .

.fuse
 *(.fuse)
 *(.lfuse)
 *(.hfuse)
 *(.efuse)

.lock
 *(.lock*)

.signature
 *(.signature*)

.user_signatures
 *(.user_signatures*)

.stab
 *(.stab)

.stabstr
 *(.stabstr)

.stab.excl
 *(.stab.excl)

.stab.exclstr
 *(.stab.exclstr)

.stab.index
 *(.stab.index)

.stab.indexstr
 *(.stab.indexstr)

.comment        0x00000000       0x30
 *(.comment)
 .comment       0x00000000       0x30 Hausbus.o
                                 0x31 (size before relaxing)
 .comment       0x00000030       0x31 Sketch.o
 .comment       0x00000030       0x31 src/libraries/CAN/src/CANController.o
 .comment       0x00000030       0x31 src/libraries/CAN/src/MCP2515.o
 .comment       0x00000030       0x31 src/libraries/SPI/src/SPI.o
 .comment       0x00000030       0x31 C:\Users\BASTIA~1\DOCUME~1\ATMELS~1\7.0\NODE_0~1\NODE_0~1\NODE_0~1\ARDUIN~1\Debug\libArduinoCore.a(HardwareSerial.o)
 .comment       0x00000030       0x31 C:\Users\BASTIA~1\DOCUME~1\ATMELS~1\7.0\NODE_0~1\NODE_0~1\NODE_0~1\ARDUIN~1\Debug\libArduinoCore.a(HardwareSerial0.o)
 .comment       0x00000030       0x31 C:\Users\BASTIA~1\DOCUME~1\ATMELS~1\7.0\NODE_0~1\NODE_0~1\NODE_0~1\ARDUIN~1\Debug\libArduinoCore.a(hooks.o)
 .comment       0x00000030       0x31 C:\Users\BASTIA~1\DOCUME~1\ATMELS~1\7.0\NODE_0~1\NODE_0~1\NODE_0~1\ARDUIN~1\Debug\libArduinoCore.a(main.o)
 .comment       0x00000030       0x31 C:\Users\BASTIA~1\DOCUME~1\ATMELS~1\7.0\NODE_0~1\NODE_0~1\NODE_0~1\ARDUIN~1\Debug\libArduinoCore.a(new.o)
 .comment       0x00000030       0x31 C:\Users\BASTIA~1\DOCUME~1\ATMELS~1\7.0\NODE_0~1\NODE_0~1\NODE_0~1\ARDUIN~1\Debug\libArduinoCore.a(Print.o)
 .comment       0x00000030       0x31 C:\Users\BASTIA~1\DOCUME~1\ATMELS~1\7.0\NODE_0~1\NODE_0~1\NODE_0~1\ARDUIN~1\Debug\libArduinoCore.a(Stream.o)
 .comment       0x00000030       0x31 C:\Users\BASTIA~1\DOCUME~1\ATMELS~1\7.0\NODE_0~1\NODE_0~1\NODE_0~1\ARDUIN~1\Debug\libArduinoCore.a(WInterrupts.o)
 .comment       0x00000030       0x31 C:\Users\BASTIA~1\DOCUME~1\ATMELS~1\7.0\NODE_0~1\NODE_0~1\NODE_0~1\ARDUIN~1\Debug\libArduinoCore.a(wiring.o)
 .comment       0x00000030       0x31 C:\Users\BASTIA~1\DOCUME~1\ATMELS~1\7.0\NODE_0~1\NODE_0~1\NODE_0~1\ARDUIN~1\Debug\libArduinoCore.a(wiring_digital.o)
 .comment       0x00000030       0x31 c:/program files (x86)/atmel/studio/7.0/toolchain/avr8/avr8-gnu-toolchain/bin/../lib/gcc/avr/5.4.0/../../../../avr/lib/avr5\libc.a(malloc.o)

.note.gnu.avr.deviceinfo
                0x00000000       0x40
 .note.gnu.avr.deviceinfo
                0x00000000       0x40 C:/Program Files (x86)/Atmel/Studio/7.0/Packs/atmel/ATmega_DFP/1.2.150/gcc/dev/atmega328p/avr5/crtatmega328p.o

.note.gnu.build-id
 *(.note.gnu.build-id)

.debug
 *(.debug)

.line
 *(.line)

.debug_srcinfo
 *(.debug_srcinfo)

.debug_sfnames
 *(.debug_sfnames)

.debug_aranges  0x00000000      0x618
 *(.debug_aranges)
 .debug_aranges
                0x00000000       0x28 Hausbus.o
 .debug_aranges
                0x00000028       0x30 Sketch.o
 .debug_aranges
                0x00000058       0xe0 src/libraries/CAN/src/CANController.o
 .debug_aranges
                0x00000138      0x120 src/libraries/CAN/src/MCP2515.o
 .debug_aranges
                0x00000258       0x38 src/libraries/SPI/src/SPI.o
 .debug_aranges
                0x00000290       0x70 C:\Users\BASTIA~1\DOCUME~1\ATMELS~1\7.0\NODE_0~1\NODE_0~1\NODE_0~1\ARDUIN~1\Debug\libArduinoCore.a(HardwareSerial.o)
 .debug_aranges
                0x00000300       0x48 C:\Users\BASTIA~1\DOCUME~1\ATMELS~1\7.0\NODE_0~1\NODE_0~1\NODE_0~1\ARDUIN~1\Debug\libArduinoCore.a(HardwareSerial0.o)
 .debug_aranges
                0x00000348       0x20 C:\Users\BASTIA~1\DOCUME~1\ATMELS~1\7.0\NODE_0~1\NODE_0~1\NODE_0~1\ARDUIN~1\Debug\libArduinoCore.a(hooks.o)
 .debug_aranges
                0x00000368       0x30 C:\Users\BASTIA~1\DOCUME~1\ATMELS~1\7.0\NODE_0~1\NODE_0~1\NODE_0~1\ARDUIN~1\Debug\libArduinoCore.a(main.o)
 .debug_aranges
                0x00000398       0x28 C:\Users\BASTIA~1\DOCUME~1\ATMELS~1\7.0\NODE_0~1\NODE_0~1\NODE_0~1\ARDUIN~1\Debug\libArduinoCore.a(new.o)
 .debug_aranges
                0x000003c0      0x100 C:\Users\BASTIA~1\DOCUME~1\ATMELS~1\7.0\NODE_0~1\NODE_0~1\NODE_0~1\ARDUIN~1\Debug\libArduinoCore.a(Print.o)
 .debug_aranges
                0x000004c0       0x98 C:\Users\BASTIA~1\DOCUME~1\ATMELS~1\7.0\NODE_0~1\NODE_0~1\NODE_0~1\ARDUIN~1\Debug\libArduinoCore.a(Stream.o)
 .debug_aranges
                0x00000558       0x40 C:\Users\BASTIA~1\DOCUME~1\ATMELS~1\7.0\NODE_0~1\NODE_0~1\NODE_0~1\ARDUIN~1\Debug\libArduinoCore.a(WInterrupts.o)
 .debug_aranges
                0x00000598       0x48 C:\Users\BASTIA~1\DOCUME~1\ATMELS~1\7.0\NODE_0~1\NODE_0~1\NODE_0~1\ARDUIN~1\Debug\libArduinoCore.a(wiring.o)
 .debug_aranges
                0x000005e0       0x38 C:\Users\BASTIA~1\DOCUME~1\ATMELS~1\7.0\NODE_0~1\NODE_0~1\NODE_0~1\ARDUIN~1\Debug\libArduinoCore.a(wiring_digital.o)

.debug_pubnames
 *(.debug_pubnames)

.debug_info     0x00000000    0x1243c
 *(.debug_info .gnu.linkonce.wi.*)
 .debug_info    0x00000000      0x5f4 C:/Program Files (x86)/Atmel/Studio/7.0/Packs/atmel/ATmega_DFP/1.2.150/gcc/dev/atmega328p/avr5/crtatmega328p.o
 .debug_info    0x000005f4      0x247 Hausbus.o
 .debug_info    0x0000083b     0x2125 Sketch.o
 .debug_info    0x00002960     0x249f src/libraries/CAN/src/CANController.o
 .debug_info    0x00004dff     0x3cfa src/libraries/CAN/src/MCP2515.o
 .debug_info    0x00008af9      0x66b src/libraries/SPI/src/SPI.o
 .debug_info    0x00009164     0x1eef C:\Users\BASTIA~1\DOCUME~1\ATMELS~1\7.0\NODE_0~1\NODE_0~1\NODE_0~1\ARDUIN~1\Debug\libArduinoCore.a(HardwareSerial.o)
 .debug_info    0x0000b053     0x1b16 C:\Users\BASTIA~1\DOCUME~1\ATMELS~1\7.0\NODE_0~1\NODE_0~1\NODE_0~1\ARDUIN~1\Debug\libArduinoCore.a(HardwareSerial0.o)
 .debug_info    0x0000cb69       0x3e C:\Users\BASTIA~1\DOCUME~1\ATMELS~1\7.0\NODE_0~1\NODE_0~1\NODE_0~1\ARDUIN~1\Debug\libArduinoCore.a(hooks.o)
 .debug_info    0x0000cba7      0x237 C:\Users\BASTIA~1\DOCUME~1\ATMELS~1\7.0\NODE_0~1\NODE_0~1\NODE_0~1\ARDUIN~1\Debug\libArduinoCore.a(main.o)
 .debug_info    0x0000cdde      0x11c C:\Users\BASTIA~1\DOCUME~1\ATMELS~1\7.0\NODE_0~1\NODE_0~1\NODE_0~1\ARDUIN~1\Debug\libArduinoCore.a(new.o)
 .debug_info    0x0000cefa     0x28ff C:\Users\BASTIA~1\DOCUME~1\ATMELS~1\7.0\NODE_0~1\NODE_0~1\NODE_0~1\ARDUIN~1\Debug\libArduinoCore.a(Print.o)
 .debug_info    0x0000f7f9     0x215e C:\Users\BASTIA~1\DOCUME~1\ATMELS~1\7.0\NODE_0~1\NODE_0~1\NODE_0~1\ARDUIN~1\Debug\libArduinoCore.a(Stream.o)
 .debug_info    0x00011957      0x21c C:\Users\BASTIA~1\DOCUME~1\ATMELS~1\7.0\NODE_0~1\NODE_0~1\NODE_0~1\ARDUIN~1\Debug\libArduinoCore.a(WInterrupts.o)
 .debug_info    0x00011b73      0x2cb C:\Users\BASTIA~1\DOCUME~1\ATMELS~1\7.0\NODE_0~1\NODE_0~1\NODE_0~1\ARDUIN~1\Debug\libArduinoCore.a(wiring.o)
 .debug_info    0x00011e3e      0x5fe C:\Users\BASTIA~1\DOCUME~1\ATMELS~1\7.0\NODE_0~1\NODE_0~1\NODE_0~1\ARDUIN~1\Debug\libArduinoCore.a(wiring_digital.o)

.debug_abbrev   0x00000000     0x2f35
 *(.debug_abbrev)
 .debug_abbrev  0x00000000      0x5a2 C:/Program Files (x86)/Atmel/Studio/7.0/Packs/atmel/ATmega_DFP/1.2.150/gcc/dev/atmega328p/avr5/crtatmega328p.o
 .debug_abbrev  0x000005a2       0xf1 Hausbus.o
 .debug_abbrev  0x00000693      0x3bc Sketch.o
 .debug_abbrev  0x00000a4f      0x454 src/libraries/CAN/src/CANController.o
 .debug_abbrev  0x00000ea3      0x73e src/libraries/CAN/src/MCP2515.o
 .debug_abbrev  0x000015e1      0x283 src/libraries/SPI/src/SPI.o
 .debug_abbrev  0x00001864      0x440 C:\Users\BASTIA~1\DOCUME~1\ATMELS~1\7.0\NODE_0~1\NODE_0~1\NODE_0~1\ARDUIN~1\Debug\libArduinoCore.a(HardwareSerial.o)
 .debug_abbrev  0x00001ca4      0x3ce C:\Users\BASTIA~1\DOCUME~1\ATMELS~1\7.0\NODE_0~1\NODE_0~1\NODE_0~1\ARDUIN~1\Debug\libArduinoCore.a(HardwareSerial0.o)
 .debug_abbrev  0x00002072       0x2a C:\Users\BASTIA~1\DOCUME~1\ATMELS~1\7.0\NODE_0~1\NODE_0~1\NODE_0~1\ARDUIN~1\Debug\libArduinoCore.a(hooks.o)
 .debug_abbrev  0x0000209c      0x12d C:\Users\BASTIA~1\DOCUME~1\ATMELS~1\7.0\NODE_0~1\NODE_0~1\NODE_0~1\ARDUIN~1\Debug\libArduinoCore.a(main.o)
 .debug_abbrev  0x000021c9       0xce C:\Users\BASTIA~1\DOCUME~1\ATMELS~1\7.0\NODE_0~1\NODE_0~1\NODE_0~1\ARDUIN~1\Debug\libArduinoCore.a(new.o)
 .debug_abbrev  0x00002297      0x47a C:\Users\BASTIA~1\DOCUME~1\ATMELS~1\7.0\NODE_0~1\NODE_0~1\NODE_0~1\ARDUIN~1\Debug\libArduinoCore.a(Print.o)
 .debug_abbrev  0x00002711      0x487 C:\Users\BASTIA~1\DOCUME~1\ATMELS~1\7.0\NODE_0~1\NODE_0~1\NODE_0~1\ARDUIN~1\Debug\libArduinoCore.a(Stream.o)
 .debug_abbrev  0x00002b98       0xfc C:\Users\BASTIA~1\DOCUME~1\ATMELS~1\7.0\NODE_0~1\NODE_0~1\NODE_0~1\ARDUIN~1\Debug\libArduinoCore.a(WInterrupts.o)
 .debug_abbrev  0x00002c94      0x146 C:\Users\BASTIA~1\DOCUME~1\ATMELS~1\7.0\NODE_0~1\NODE_0~1\NODE_0~1\ARDUIN~1\Debug\libArduinoCore.a(wiring.o)
 .debug_abbrev  0x00002dda      0x15b C:\Users\BASTIA~1\DOCUME~1\ATMELS~1\7.0\NODE_0~1\NODE_0~1\NODE_0~1\ARDUIN~1\Debug\libArduinoCore.a(wiring_digital.o)

.debug_line     0x00000000     0x37cf
 *(.debug_line .debug_line.* .debug_line_end)
 .debug_line    0x00000000      0x133 C:/Program Files (x86)/Atmel/Studio/7.0/Packs/atmel/ATmega_DFP/1.2.150/gcc/dev/atmega328p/avr5/crtatmega328p.o
 .debug_line    0x00000133      0x193 Hausbus.o
 .debug_line    0x000002c6      0x444 Sketch.o
 .debug_line    0x0000070a      0x582 src/libraries/CAN/src/CANController.o
 .debug_line    0x00000c8c      0xb93 src/libraries/CAN/src/MCP2515.o
 .debug_line    0x0000181f      0x30b src/libraries/SPI/src/SPI.o
 .debug_line    0x00001b2a      0x43d C:\Users\BASTIA~1\DOCUME~1\ATMELS~1\7.0\NODE_0~1\NODE_0~1\NODE_0~1\ARDUIN~1\Debug\libArduinoCore.a(HardwareSerial.o)
 .debug_line    0x00001f67      0x28c C:\Users\BASTIA~1\DOCUME~1\ATMELS~1\7.0\NODE_0~1\NODE_0~1\NODE_0~1\ARDUIN~1\Debug\libArduinoCore.a(HardwareSerial0.o)
 .debug_line    0x000021f3       0x41 C:\Users\BASTIA~1\DOCUME~1\ATMELS~1\7.0\NODE_0~1\NODE_0~1\NODE_0~1\ARDUIN~1\Debug\libArduinoCore.a(hooks.o)
 .debug_line    0x00002234      0x165 C:\Users\BASTIA~1\DOCUME~1\ATMELS~1\7.0\NODE_0~1\NODE_0~1\NODE_0~1\ARDUIN~1\Debug\libArduinoCore.a(main.o)
 .debug_line    0x00002399      0x12f C:\Users\BASTIA~1\DOCUME~1\ATMELS~1\7.0\NODE_0~1\NODE_0~1\NODE_0~1\ARDUIN~1\Debug\libArduinoCore.a(new.o)
 .debug_line    0x000024c8      0x685 C:\Users\BASTIA~1\DOCUME~1\ATMELS~1\7.0\NODE_0~1\NODE_0~1\NODE_0~1\ARDUIN~1\Debug\libArduinoCore.a(Print.o)
 .debug_line    0x00002b4d      0x5f7 C:\Users\BASTIA~1\DOCUME~1\ATMELS~1\7.0\NODE_0~1\NODE_0~1\NODE_0~1\ARDUIN~1\Debug\libArduinoCore.a(Stream.o)
 .debug_line    0x00003144      0x1a0 C:\Users\BASTIA~1\DOCUME~1\ATMELS~1\7.0\NODE_0~1\NODE_0~1\NODE_0~1\ARDUIN~1\Debug\libArduinoCore.a(WInterrupts.o)
 .debug_line    0x000032e4      0x299 C:\Users\BASTIA~1\DOCUME~1\ATMELS~1\7.0\NODE_0~1\NODE_0~1\NODE_0~1\ARDUIN~1\Debug\libArduinoCore.a(wiring.o)
 .debug_line    0x0000357d      0x252 C:\Users\BASTIA~1\DOCUME~1\ATMELS~1\7.0\NODE_0~1\NODE_0~1\NODE_0~1\ARDUIN~1\Debug\libArduinoCore.a(wiring_digital.o)

.debug_frame    0x00000000     0x1348
 *(.debug_frame)
 .debug_frame   0x00000000       0x68 Hausbus.o
 .debug_frame   0x00000068       0x94 Sketch.o
 .debug_frame   0x000000fc      0x1f4 src/libraries/CAN/src/CANController.o
 .debug_frame   0x000002f0      0x46c src/libraries/CAN/src/MCP2515.o
 .debug_frame   0x0000075c       0x5c src/libraries/SPI/src/SPI.o
 .debug_frame   0x000007b8      0x120 C:\Users\BASTIA~1\DOCUME~1\ATMELS~1\7.0\NODE_0~1\NODE_0~1\NODE_0~1\ARDUIN~1\Debug\libArduinoCore.a(HardwareSerial.o)
 .debug_frame   0x000008d8       0xe0 C:\Users\BASTIA~1\DOCUME~1\ATMELS~1\7.0\NODE_0~1\NODE_0~1\NODE_0~1\ARDUIN~1\Debug\libArduinoCore.a(HardwareSerial0.o)
 .debug_frame   0x000009b8       0x24 C:\Users\BASTIA~1\DOCUME~1\ATMELS~1\7.0\NODE_0~1\NODE_0~1\NODE_0~1\ARDUIN~1\Debug\libArduinoCore.a(hooks.o)
 .debug_frame   0x000009dc       0x54 C:\Users\BASTIA~1\DOCUME~1\ATMELS~1\7.0\NODE_0~1\NODE_0~1\NODE_0~1\ARDUIN~1\Debug\libArduinoCore.a(main.o)
 .debug_frame   0x00000a30       0x54 C:\Users\BASTIA~1\DOCUME~1\ATMELS~1\7.0\NODE_0~1\NODE_0~1\NODE_0~1\ARDUIN~1\Debug\libArduinoCore.a(new.o)
 .debug_frame   0x00000a84      0x3ac C:\Users\BASTIA~1\DOCUME~1\ATMELS~1\7.0\NODE_0~1\NODE_0~1\NODE_0~1\ARDUIN~1\Debug\libArduinoCore.a(Print.o)
 .debug_frame   0x00000e30      0x2e4 C:\Users\BASTIA~1\DOCUME~1\ATMELS~1\7.0\NODE_0~1\NODE_0~1\NODE_0~1\ARDUIN~1\Debug\libArduinoCore.a(Stream.o)
 .debug_frame   0x00001114       0xf4 C:\Users\BASTIA~1\DOCUME~1\ATMELS~1\7.0\NODE_0~1\NODE_0~1\NODE_0~1\ARDUIN~1\Debug\libArduinoCore.a(WInterrupts.o)
 .debug_frame   0x00001208       0xc4 C:\Users\BASTIA~1\DOCUME~1\ATMELS~1\7.0\NODE_0~1\NODE_0~1\NODE_0~1\ARDUIN~1\Debug\libArduinoCore.a(wiring.o)
 .debug_frame   0x000012cc       0x7c C:\Users\BASTIA~1\DOCUME~1\ATMELS~1\7.0\NODE_0~1\NODE_0~1\NODE_0~1\ARDUIN~1\Debug\libArduinoCore.a(wiring_digital.o)

.debug_str      0x00000000     0x303d
 *(.debug_str)
 .debug_str     0x00000000      0x208 C:/Program Files (x86)/Atmel/Studio/7.0/Packs/atmel/ATmega_DFP/1.2.150/gcc/dev/atmega328p/avr5/crtatmega328p.o
 .debug_str     0x00000208      0x2ee Hausbus.o
                                0x333 (size before relaxing)
 .debug_str     0x000004f6     0x132f Sketch.o
                               0x16b8 (size before relaxing)
 .debug_str     0x00001825      0x45b src/libraries/CAN/src/CANController.o
                               0x186d (size before relaxing)
 .debug_str     0x00001c80      0x800 src/libraries/CAN/src/MCP2515.o
                               0x1d18 (size before relaxing)
 .debug_str     0x00002480       0xff src/libraries/SPI/src/SPI.o
                                0x6f9 (size before relaxing)
 .debug_str     0x0000257f      0x419 C:\Users\BASTIA~1\DOCUME~1\ATMELS~1\7.0\NODE_0~1\NODE_0~1\NODE_0~1\ARDUIN~1\Debug\libArduinoCore.a(HardwareSerial.o)
                               0x1634 (size before relaxing)
 .debug_str     0x00002998       0x47 C:\Users\BASTIA~1\DOCUME~1\ATMELS~1\7.0\NODE_0~1\NODE_0~1\NODE_0~1\ARDUIN~1\Debug\libArduinoCore.a(HardwareSerial0.o)
                               0x1450 (size before relaxing)
 .debug_str     0x000029df       0xea C:\Users\BASTIA~1\DOCUME~1\ATMELS~1\7.0\NODE_0~1\NODE_0~1\NODE_0~1\ARDUIN~1\Debug\libArduinoCore.a(hooks.o)
                                0x187 (size before relaxing)
 .debug_str     0x00002ac9       0x37 C:\Users\BASTIA~1\DOCUME~1\ATMELS~1\7.0\NODE_0~1\NODE_0~1\NODE_0~1\ARDUIN~1\Debug\libArduinoCore.a(main.o)
                                0x2fc (size before relaxing)
 .debug_str     0x00002b00       0x50 C:\Users\BASTIA~1\DOCUME~1\ATMELS~1\7.0\NODE_0~1\NODE_0~1\NODE_0~1\ARDUIN~1\Debug\libArduinoCore.a(new.o)
                                0x212 (size before relaxing)
 .debug_str     0x00002b50      0x304 C:\Users\BASTIA~1\DOCUME~1\ATMELS~1\7.0\NODE_0~1\NODE_0~1\NODE_0~1\ARDUIN~1\Debug\libArduinoCore.a(Print.o)
                               0x128a (size before relaxing)
 .debug_str     0x00002e54       0x97 C:\Users\BASTIA~1\DOCUME~1\ATMELS~1\7.0\NODE_0~1\NODE_0~1\NODE_0~1\ARDUIN~1\Debug\libArduinoCore.a(Stream.o)
                               0x12ae (size before relaxing)
 .debug_str     0x00002eeb       0x6d C:\Users\BASTIA~1\DOCUME~1\ATMELS~1\7.0\NODE_0~1\NODE_0~1\NODE_0~1\ARDUIN~1\Debug\libArduinoCore.a(WInterrupts.o)
                                0x27f (size before relaxing)
 .debug_str     0x00002f58       0x6d C:\Users\BASTIA~1\DOCUME~1\ATMELS~1\7.0\NODE_0~1\NODE_0~1\NODE_0~1\ARDUIN~1\Debug\libArduinoCore.a(wiring.o)
                                0x292 (size before relaxing)
 .debug_str     0x00002fc5       0x78 C:\Users\BASTIA~1\DOCUME~1\ATMELS~1\7.0\NODE_0~1\NODE_0~1\NODE_0~1\ARDUIN~1\Debug\libArduinoCore.a(wiring_digital.o)
                                0x2f7 (size before relaxing)

.debug_loc      0x00000000     0x64fc
 *(.debug_loc)
 .debug_loc     0x00000000      0x1b8 Hausbus.o
 .debug_loc     0x000001b8      0x1fc Sketch.o
 .debug_loc     0x000003b4      0x722 src/libraries/CAN/src/CANController.o
 .debug_loc     0x00000ad6     0x157f src/libraries/CAN/src/MCP2515.o
 .debug_loc     0x00002055      0x1e4 src/libraries/SPI/src/SPI.o
 .debug_loc     0x00002239      0x4d4 C:\Users\BASTIA~1\DOCUME~1\ATMELS~1\7.0\NODE_0~1\NODE_0~1\NODE_0~1\ARDUIN~1\Debug\libArduinoCore.a(HardwareSerial.o)
 .debug_loc     0x0000270d      0x1b0 C:\Users\BASTIA~1\DOCUME~1\ATMELS~1\7.0\NODE_0~1\NODE_0~1\NODE_0~1\ARDUIN~1\Debug\libArduinoCore.a(HardwareSerial0.o)
 .debug_loc     0x000028bd       0x4c C:\Users\BASTIA~1\DOCUME~1\ATMELS~1\7.0\NODE_0~1\NODE_0~1\NODE_0~1\ARDUIN~1\Debug\libArduinoCore.a(new.o)
 .debug_loc     0x00002909     0x1c87 C:\Users\BASTIA~1\DOCUME~1\ATMELS~1\7.0\NODE_0~1\NODE_0~1\NODE_0~1\ARDUIN~1\Debug\libArduinoCore.a(Print.o)
 .debug_loc     0x00004590     0x14ae C:\Users\BASTIA~1\DOCUME~1\ATMELS~1\7.0\NODE_0~1\NODE_0~1\NODE_0~1\ARDUIN~1\Debug\libArduinoCore.a(Stream.o)
 .debug_loc     0x00005a3e      0x235 C:\Users\BASTIA~1\DOCUME~1\ATMELS~1\7.0\NODE_0~1\NODE_0~1\NODE_0~1\ARDUIN~1\Debug\libArduinoCore.a(WInterrupts.o)
 .debug_loc     0x00005c73      0x28d C:\Users\BASTIA~1\DOCUME~1\ATMELS~1\7.0\NODE_0~1\NODE_0~1\NODE_0~1\ARDUIN~1\Debug\libArduinoCore.a(wiring.o)
 .debug_loc     0x00005f00      0x5fc C:\Users\BASTIA~1\DOCUME~1\ATMELS~1\7.0\NODE_0~1\NODE_0~1\NODE_0~1\ARDUIN~1\Debug\libArduinoCore.a(wiring_digital.o)

.debug_macinfo
 *(.debug_macinfo)

.debug_weaknames
 *(.debug_weaknames)

.debug_funcnames
 *(.debug_funcnames)

.debug_typenames
 *(.debug_typenames)

.debug_varnames
 *(.debug_varnames)

.debug_pubtypes
 *(.debug_pubtypes)

.debug_ranges   0x00000000      0x5e8
 *(.debug_ranges)
 .debug_ranges  0x00000000       0x30 Hausbus.o
 .debug_ranges  0x00000030       0x20 Sketch.o
 .debug_ranges  0x00000050       0xe8 src/libraries/CAN/src/CANController.o
 .debug_ranges  0x00000138      0x140 src/libraries/CAN/src/MCP2515.o
 .debug_ranges  0x00000278       0x28 src/libraries/SPI/src/SPI.o
 .debug_ranges  0x000002a0       0x60 C:\Users\BASTIA~1\DOCUME~1\ATMELS~1\7.0\NODE_0~1\NODE_0~1\NODE_0~1\ARDUIN~1\Debug\libArduinoCore.a(HardwareSerial.o)
 .debug_ranges  0x00000300       0x38 C:\Users\BASTIA~1\DOCUME~1\ATMELS~1\7.0\NODE_0~1\NODE_0~1\NODE_0~1\ARDUIN~1\Debug\libArduinoCore.a(HardwareSerial0.o)
 .debug_ranges  0x00000338       0x10 C:\Users\BASTIA~1\DOCUME~1\ATMELS~1\7.0\NODE_0~1\NODE_0~1\NODE_0~1\ARDUIN~1\Debug\libArduinoCore.a(hooks.o)
 .debug_ranges  0x00000348       0x20 C:\Users\BASTIA~1\DOCUME~1\ATMELS~1\7.0\NODE_0~1\NODE_0~1\NODE_0~1\ARDUIN~1\Debug\libArduinoCore.a(main.o)
 .debug_ranges  0x00000368       0x18 C:\Users\BASTIA~1\DOCUME~1\ATMELS~1\7.0\NODE_0~1\NODE_0~1\NODE_0~1\ARDUIN~1\Debug\libArduinoCore.a(new.o)
 .debug_ranges  0x00000380      0x120 C:\Users\BASTIA~1\DOCUME~1\ATMELS~1\7.0\NODE_0~1\NODE_0~1\NODE_0~1\ARDUIN~1\Debug\libArduinoCore.a(Print.o)
 .debug_ranges  0x000004a0       0xb8 C:\Users\BASTIA~1\DOCUME~1\ATMELS~1\7.0\NODE_0~1\NODE_0~1\NODE_0~1\ARDUIN~1\Debug\libArduinoCore.a(Stream.o)
 .debug_ranges  0x00000558       0x30 C:\Users\BASTIA~1\DOCUME~1\ATMELS~1\7.0\NODE_0~1\NODE_0~1\NODE_0~1\ARDUIN~1\Debug\libArduinoCore.a(WInterrupts.o)
 .debug_ranges  0x00000588       0x38 C:\Users\BASTIA~1\DOCUME~1\ATMELS~1\7.0\NODE_0~1\NODE_0~1\NODE_0~1\ARDUIN~1\Debug\libArduinoCore.a(wiring.o)
 .debug_ranges  0x000005c0       0x28 C:\Users\BASTIA~1\DOCUME~1\ATMELS~1\7.0\NODE_0~1\NODE_0~1\NODE_0~1\ARDUIN~1\Debug\libArduinoCore.a(wiring_digital.o)

.debug_macro
 *(.debug_macro)
OUTPUT(Node_Muster.elf elf32-avr)
LOAD linker stubs
