Archive member included to satisfy reference by file (symbol)

c:/program files (x86)/atmel/studio/7.0/toolchain/avr8/avr8-gnu-toolchain/bin/../lib/gcc/avr/5.4.0/../../../../avr/lib/avr5\libm.a(addsf3.o)
                              Hausbus.o (__subsf3)
c:/program files (x86)/atmel/studio/7.0/toolchain/avr8/avr8-gnu-toolchain/bin/../lib/gcc/avr/5.4.0/../../../../avr/lib/avr5\libm.a(addsf3x.o)
                              c:/program files (x86)/atmel/studio/7.0/toolchain/avr8/avr8-gnu-toolchain/bin/../lib/gcc/avr/5.4.0/../../../../avr/lib/avr5\libm.a(addsf3.o) (__addsf3x)
c:/program files (x86)/atmel/studio/7.0/toolchain/avr8/avr8-gnu-toolchain/bin/../lib/gcc/avr/5.4.0/../../../../avr/lib/avr5\libm.a(fixunssfsi.o)
                              Hausbus.o (__fixunssfsi)
c:/program files (x86)/atmel/studio/7.0/toolchain/avr8/avr8-gnu-toolchain/bin/../lib/gcc/avr/5.4.0/../../../../avr/lib/avr5\libm.a(floatsisf.o)
                              Hausbus.o (__floatunsisf)
c:/program files (x86)/atmel/studio/7.0/toolchain/avr8/avr8-gnu-toolchain/bin/../lib/gcc/avr/5.4.0/../../../../avr/lib/avr5\libm.a(fp_inf.o)
                              c:/program files (x86)/atmel/studio/7.0/toolchain/avr8/avr8-gnu-toolchain/bin/../lib/gcc/avr/5.4.0/../../../../avr/lib/avr5\libm.a(addsf3x.o) (__fp_inf)
c:/program files (x86)/atmel/studio/7.0/toolchain/avr8/avr8-gnu-toolchain/bin/../lib/gcc/avr/5.4.0/../../../../avr/lib/avr5\libm.a(fp_nan.o)
                              c:/program files (x86)/atmel/studio/7.0/toolchain/avr8/avr8-gnu-toolchain/bin/../lib/gcc/avr/5.4.0/../../../../avr/lib/avr5\libm.a(addsf3x.o) (__fp_nan)
c:/program files (x86)/atmel/studio/7.0/toolchain/avr8/avr8-gnu-toolchain/bin/../lib/gcc/avr/5.4.0/../../../../avr/lib/avr5\libm.a(fp_pscA.o)
                              c:/program files (x86)/atmel/studio/7.0/toolchain/avr8/avr8-gnu-toolchain/bin/../lib/gcc/avr/5.4.0/../../../../avr/lib/avr5\libm.a(addsf3x.o) (__fp_pscA)
c:/program files (x86)/atmel/studio/7.0/toolchain/avr8/avr8-gnu-toolchain/bin/../lib/gcc/avr/5.4.0/../../../../avr/lib/avr5\libm.a(fp_pscB.o)
                              c:/program files (x86)/atmel/studio/7.0/toolchain/avr8/avr8-gnu-toolchain/bin/../lib/gcc/avr/5.4.0/../../../../avr/lib/avr5\libm.a(addsf3x.o) (__fp_pscB)
c:/program files (x86)/atmel/studio/7.0/toolchain/avr8/avr8-gnu-toolchain/bin/../lib/gcc/avr/5.4.0/../../../../avr/lib/avr5\libm.a(fp_round.o)
                              c:/program files (x86)/atmel/studio/7.0/toolchain/avr8/avr8-gnu-toolchain/bin/../lib/gcc/avr/5.4.0/../../../../avr/lib/avr5\libm.a(addsf3.o) (__fp_round)
c:/program files (x86)/atmel/studio/7.0/toolchain/avr8/avr8-gnu-toolchain/bin/../lib/gcc/avr/5.4.0/../../../../avr/lib/avr5\libm.a(fp_split3.o)
                              c:/program files (x86)/atmel/studio/7.0/toolchain/avr8/avr8-gnu-toolchain/bin/../lib/gcc/avr/5.4.0/../../../../avr/lib/avr5\libm.a(addsf3x.o) (__fp_split3)
c:/program files (x86)/atmel/studio/7.0/toolchain/avr8/avr8-gnu-toolchain/bin/../lib/gcc/avr/5.4.0/../../../../avr/lib/avr5\libm.a(fp_zero.o)
                              c:/program files (x86)/atmel/studio/7.0/toolchain/avr8/avr8-gnu-toolchain/bin/../lib/gcc/avr/5.4.0/../../../../avr/lib/avr5\libm.a(addsf3x.o) (__fp_zero)
c:/program files (x86)/atmel/studio/7.0/toolchain/avr8/avr8-gnu-toolchain/bin/../lib/gcc/avr/5.4.0/../../../../avr/lib/avr5\libm.a(gesf2.o)
                              Hausbus.o (__gesf2)
c:/program files (x86)/atmel/studio/7.0/toolchain/avr8/avr8-gnu-toolchain/bin/../lib/gcc/avr/5.4.0/../../../../avr/lib/avr5\libm.a(pow.o)
                              Hausbus.o (pow)
c:/program files (x86)/atmel/studio/7.0/toolchain/avr8/avr8-gnu-toolchain/bin/../lib/gcc/avr/5.4.0/../../../../avr/lib/avr5\libm.a(exp.o)
                              c:/program files (x86)/atmel/studio/7.0/toolchain/avr8/avr8-gnu-toolchain/bin/../lib/gcc/avr/5.4.0/../../../../avr/lib/avr5\libm.a(pow.o) (exp)
c:/program files (x86)/atmel/studio/7.0/toolchain/avr8/avr8-gnu-toolchain/bin/../lib/gcc/avr/5.4.0/../../../../avr/lib/avr5\libm.a(fp_cmp.o)
                              c:/program files (x86)/atmel/studio/7.0/toolchain/avr8/avr8-gnu-toolchain/bin/../lib/gcc/avr/5.4.0/../../../../avr/lib/avr5\libm.a(gesf2.o) (__fp_cmp)
c:/program files (x86)/atmel/studio/7.0/toolchain/avr8/avr8-gnu-toolchain/bin/../lib/gcc/avr/5.4.0/../../../../avr/lib/avr5\libm.a(fp_powser.o)
                              c:/program files (x86)/atmel/studio/7.0/toolchain/avr8/avr8-gnu-toolchain/bin/../lib/gcc/avr/5.4.0/../../../../avr/lib/avr5\libm.a(exp.o) (__fp_powser)
c:/program files (x86)/atmel/studio/7.0/toolchain/avr8/avr8-gnu-toolchain/bin/../lib/gcc/avr/5.4.0/../../../../avr/lib/avr5\libm.a(inverse.o)
                              c:/program files (x86)/atmel/studio/7.0/toolchain/avr8/avr8-gnu-toolchain/bin/../lib/gcc/avr/5.4.0/../../../../avr/lib/avr5\libm.a(exp.o) (inverse)
[...]
Memory Configuration

Name             Origin             Length             Attributes
text             0x00000000         0x00020000         xr
data             0x00800060         0x0000ffa0         rw !x
eeprom           0x00810000         0x00010000         rw !x
fuse             0x00820000         0x00000003         rw !x
lock             0x00830000         0x00000400         rw !x
signature        0x00840000         0x00000400         rw !x
user_signatures  0x00850000         0x00000400         rw !x
*default*        0x00000000         0xffffffff

Linker script and memory map

Address of section .data set to 0x800100
LOAD C:/Program Files (x86)/Atmel/Studio/7.0/Packs/atmel/ATmega_DFP/1.2.150/gcc/dev/atmega328p/avr5/crtatmega328p.o
LOAD Hausbus.o
LOAD Sketch.o
LOAD src/libraries/CAN/src/CANController.o
LOAD src/libraries/CAN/src/ESP32SJA1000.o
LOAD src/libraries/CAN/src/MCP2515.o
LOAD src/libraries/SPI/src/SPI.o
START GROUP
LOAD c:/program files (x86)/atmel/studio/7.0/toolchain/avr8/avr8-gnu-toolchain/bin/../lib/gcc/avr/5.4.0/../../../../avr/lib/avr5\libm.a
LOAD C:\Users\BASTIA~1\DOCUME~1\GitHub\SMARTH~1\NODE_0~1\NODE_0~1\ARDUIN~1\Debug\libArduinoCore.a
END GROUP
LOAD c:/program files (x86)/atmel/studio/7.0/toolchain/avr8/avr8-gnu-toolchain/bin/../lib/gcc/avr/5.4.0/avr5\libgcc.a
LOAD c:/program files (x86)/atmel/studio/7.0/toolchain/avr8/avr8-gnu-toolchain/bin/../lib/gcc/avr/5.4.0/../../../../avr/lib/avr5\libm.a
START GROUP
LOAD c:/program files (x86)/atmel/studio/7.0/toolchain/avr8/avr8-gnu-toolchain/bin/../lib/gcc/avr/5.4.0/avr5\libgcc.a
LOAD c:/program files (x86)/atmel/studio/7.0/toolchain/avr8/avr8-gnu-toolchain/bin/../lib/gcc/avr/5.4.0/../../../../avr/lib/avr5\libm.a
LOAD c:/program files (x86)/atmel/studio/7.0/toolchain/avr8/avr8-gnu-toolchain/bin/../lib/gcc/avr/5.4.0/../../../../avr/lib/avr5\libc.a
LOAD C:/Program Files (x86)/Atmel/Studio/7.0/Packs/atmel/ATmega_DFP/1.2.150/gcc/dev/atmega328p/avr5\libatmega328p.a
END GROUP
                0x00020000                __TEXT_REGION_LENGTH__ = DEFINED (__TEXT_REGION_LENGTH__)?__TEXT_REGION_LENGTH__:0x20000
                0x0000ffa0                __DATA_REGION_LENGTH__ = DEFINED (__DATA_REGION_LENGTH__)?__DATA_REGION_LENGTH__:0xffa0
                0x00010000                __EEPROM_REGION_LENGTH__ = DEFINED (__EEPROM_REGION_LENGTH__)?__EEPROM_REGION_LENGTH__:0x10000
                [0x00000003]                __FUSE_REGION_LENGTH__ = DEFINED (__FUSE_REGION_LENGTH__)?__FUSE_REGION_LENGTH__:0x400
                0x00000400                __LOCK_REGION_LENGTH__ = DEFINED (__LOCK_REGION_LENGTH__)?__LOCK_REGION_LENGTH__:0x400
                0x00000400                __SIGNATURE_REGION_LENGTH__ = DEFINED (__SIGNATURE_REGION_LENGTH__)?__SIGNATURE_REGION_LENGTH__:0x400
                0x00000400                __USER_SIGNATURE_REGION_LENGTH__ = DEFINED (__USER_SIGNATURE_REGION_LENGTH__)?__USER_SIGNATURE_REGION_LENGTH__:0x400

.hash
 *(.hash)

.dynsym
 *(.dynsym)

.dynstr
 *(.dynstr)

.gnu.version
 *(.gnu.version)

.gnu.version_d
 *(.gnu.version_d)

.gnu.version_r
 *(.gnu.version_r)

.rel.init
 *(.rel.init)

.rela.init
 *(.rela.init)

.rel.text
 *(.rel.text)
 *(.rel.text.*)
 *(.rel.gnu.linkonce.t*)

.rela.text
 *(.rela.text)
 *(.rela.text.*)
 *(.rela.gnu.linkonce.t*)

.rel.fini
 *(.rel.fini)

.rela.fini
 *(.rela.fini)

.rel.rodata
 *(.rel.rodata)
 *(.rel.rodata.*)
 *(.rel.gnu.linkonce.r*)

.rela.rodata
 *(.rela.rodata)
 *(.rela.rodata.*)
 *(.rela.gnu.linkonce.r*)

.rel.data
 *(.rel.data)
 *(.rel.data.*)
 *(.rel.gnu.linkonce.d*)

.rela.data
 *(.rela.data)
 *(.rela.data.*)
 *(.rela.gnu.linkonce.d*)

.rel.ctors
 *(.rel.ctors)

.rela.ctors
 *(.rela.ctors)

.rel.dtors
 *(.rel.dtors)

.rela.dtors
 *(.rela.dtors)

.rel.got
 *(.rel.got)

.rela.got
 *(.rela.got)

.rel.bss
 *(.rel.bss)

.rela.bss
 *(.rela.bss)

.rel.plt
 *(.rel.plt)

.rela.plt
 *(.rela.plt)

.text           0x00000000     0x2a8e
 *(.vectors)
 .vectors       0x00000000       0x68 C:/Program Files (x86)/Atmel/Studio/7.0/Packs/atmel/ATmega_DFP/1.2.150/gcc/dev/atmega328p/avr5/crtatmega328p.o
                0x00000000                __vector_default
                0x00000000                __vectors
 *(.vectors)
 *(.progmem.gcc*)
 .progmem.gcc_fplib
                0x00000068       0x28 c:/program files (x86)/atmel/studio/7.0/toolchain/avr8/avr8-gnu-toolchain/bin/../lib/gcc/avr/5.4.0/../../../../avr/lib/avr5\libm.a(exp.o)
 .progmem.gcc_fplib
                0x00000090       0x5a c:/program files (x86)/atmel/studio/7.0/toolchain/avr8/avr8-gnu-toolchain/bin/../lib/gcc/avr/5.4.0/../../../../avr/lib/avr5\libm.a(log.o)
                0x000000ea                . = ALIGN (0x2)
                0x000000ea                __trampolines_start = .
 *(.trampolines)
 .trampolines   0x000000ea        0x0 linker stubs
 *(.trampolines*)
                0x000000ea                __trampolines_end = .
 *libprintf_flt.a:*(.progmem.data)
 *libc.a:*(.progmem.data)
 *(.progmem*)
 .progmem.data.digital_pin_to_timer_PGM
                0x000000ea       0x14 C:\Users\BASTIA~1\DOCUME~1\GitHub\SMARTH~1\NODE_0~1\NODE_0~1\ARDUIN~1\Debug\libArduinoCore.a(wiring_digital.o)
                0x000000ea                digital_pin_to_timer_PGM
 .progmem.data.digital_pin_to_bit_mask_PGM
                0x000000fe       0x14 C:\Users\BASTIA~1\DOCUME~1\GitHub\SMARTH~1\NODE_0~1\NODE_0~1\ARDUIN~1\Debug\libArduinoCore.a(wiring_digital.o)
                0x000000fe                digital_pin_to_bit_mask_PGM
 .progmem.data.digital_pin_to_port_PGM
                0x00000112       0x14 C:\Users\BASTIA~1\DOCUME~1\GitHub\SMARTH~1\NODE_0~1\NODE_0~1\ARDUIN~1\Debug\libArduinoCore.a(wiring_digital.o)
                0x00000112                digital_pin_to_port_PGM
 .progmem.data.port_to_output_PGM
                0x00000126        0xa C:\Users\BASTIA~1\DOCUME~1\GitHub\SMARTH~1\NODE_0~1\NODE_0~1\ARDUIN~1\Debug\libArduinoCore.a(wiring_digital.o)
                0x00000126                port_to_output_PGM
 .progmem.data.port_to_mode_PGM
                0x00000130        0xa C:\Users\BASTIA~1\DOCUME~1\GitHub\SMARTH~1\NODE_0~1\NODE_0~1\ARDUIN~1\Debug\libArduinoCore.a(wiring_digital.o)
                0x00000130                port_to_mode_PGM
                0x0000013a                . = ALIGN (0x2)
 *(.jumptables)
 *(.jumptables*)
 *(.lowtext)
 *(.lowtext*)
                0x0000013a                __ctors_start = .
 *(.ctors)
 .ctors         0x0000013a        0x2 src/libraries/CAN/src/MCP2515.o
 .ctors         0x0000013c        0x2 C:\Users\BASTIA~1\DOCUME~1\GitHub\SMARTH~1\NODE_0~1\NODE_0~1\ARDUIN~1\Debug\libArduinoCore.a(HardwareSerial0.o)
                0x0000013e                __ctors_end = .
                0x0000013e                __dtors_start = .
 *(.dtors)
 .dtors         0x0000013e        0x2 src/libraries/CAN/src/MCP2515.o
                0x00000140                __dtors_end = .
 SORT(*)(.ctors)
 SORT(*)(.dtors)
 *(.init0)
 .init0         0x00000140        0x0 C:/Program Files (x86)/Atmel/Studio/7.0/Packs/atmel/ATmega_DFP/1.2.150/gcc/dev/atmega328p/avr5/crtatmega328p.o
                0x00000140                __init
 *(.init0)
 *(.init1)
 *(.init1)
 *(.init2)
 .init2         0x00000140        0xc C:/Program Files (x86)/Atmel/Studio/7.0/Packs/atmel/ATmega_DFP/1.2.150/gcc/dev/atmega328p/avr5/crtatmega328p.o
 *(.init2)
 *(.init3)
 *(.init3)
 *(.init4)
 .init4         0x0000014c       0x16 c:/program files (x86)/atmel/studio/7.0/toolchain/avr8/avr8-gnu-toolchain/bin/../lib/gcc/avr/5.4.0/avr5\libgcc.a(_copy_data.o)
                0x0000014c                __do_copy_data
 .init4         0x00000162       0x10 c:/program files (x86)/atmel/studio/7.0/toolchain/avr8/avr8-gnu-toolchain/bin/../lib/gcc/avr/5.4.0/avr5\libgcc.a(_clear_bss.o)
                0x00000162                __do_clear_bss
 *(.init4)
 *(.init5)
 *(.init5)
 *(.init6)
 .init6         0x00000172       0x16 c:/program files (x86)/atmel/studio/7.0/toolchain/avr8/avr8-gnu-toolchain/bin/../lib/gcc/avr/5.4.0/avr5\libgcc.a(_ctors.o)
                0x00000172                __do_global_ctors
 *(.init6)
 *(.init7)
 *(.init7)
 *(.init8)
 *(.init8)
 *(.init9)
 .init9         0x00000188        0x8 C:/Program Files (x86)/Atmel/Studio/7.0/Packs/atmel/ATmega_DFP/1.2.150/gcc/dev/atmega328p/avr5/crtatmega328p.o
 *(.init9)
 *(.text)
 .text          0x00000190        0x4 C:/Program Files (x86)/Atmel/Studio/7.0/Packs/atmel/ATmega_DFP/1.2.150/gcc/dev/atmega328p/avr5/crtatmega328p.o
                0x00000190                __vector_22
                0x00000190                __vector_24
                0x00000190                __vector_12
                0x00000190                __bad_interrupt
                0x00000190                __vector_6
                0x00000190                __vector_3
                0x00000190                __vector_23
                0x00000190                __vector_25
                0x00000190                __vector_11
                0x00000190                __vector_13
                0x00000190                __vector_17
                0x00000190                __vector_7
                0x00000190                __vector_5
                0x00000190                __vector_4
                0x00000190                __vector_9
                0x00000190                __vector_21
                0x00000190                __vector_15
                0x00000190                __vector_8
                0x00000190                __vector_14
                0x00000190                __vector_10
                0x00000190                __vector_20
                0x00000194                . = ALIGN (0x2)
 *(.text.*)
 .text._ZN14HardwareSerial5writeEi
                0x00000194        0xe Hausbus.o
                0x00000194                _ZN14HardwareSerial5writeEi
 .text._Z17ID_ZusammensetzenPh
                0x000001a2       0x5e Hausbus.o
                0x000001a2                _Z17ID_ZusammensetzenPh
 .text._Z18ID_Maske_berechnenPmh
                0x00000200       0x36 Hausbus.o
                0x00000200                _Z18ID_Maske_berechnenPmh
 .text._Z11ID_Ausgebenm
                0x00000236      0x168 Hausbus.o
                0x00000236                _Z11ID_Ausgebenm
 .text.setup    0x0000039e      0x282 Sketch.o
                0x0000039e                setup
 .text.loop     0x00000620       0xf8 Sketch.o
                0x00000620                loop
 .text._ZN5Print17availableForWriteEv
                0x00000718        0x6 src/libraries/CAN/src/CANController.o
                0x00000718                _ZN5Print17availableForWriteEv
 .text._ZN18CANControllerClass6filterEi
                0x0000071e       0x12 src/libraries/CAN/src/CANController.o
                0x0000071e                _ZN18CANControllerClass6filterEi
 .text._ZN18CANControllerClass14filterExtendedEl
                0x00000730       0x20 src/libraries/CAN/src/CANController.o
                0x00000730                _ZN18CANControllerClass14filterExtendedEl
 .text._ZN18CANControllerClassD2Ev
                0x00000750        0x2 src/libraries/CAN/src/CANController.o
                0x00000750                _ZN18CANControllerClassD2Ev
                0x00000750                _ZN18CANControllerClassD1Ev
 .text._ZN18CANControllerClass5beginEl
                0x00000752       0x38 src/libraries/CAN/src/CANController.o
                0x00000752                _ZN18CANControllerClass5beginEl
 .text._ZN18CANControllerClass5writeEh
                0x0000078a       0x2c src/libraries/CAN/src/CANController.o
                0x0000078a                _ZN18CANControllerClass5writeEh
 .text._ZN18CANControllerClass9availableEv
                0x000007b6       0x10 src/libraries/CAN/src/CANController.o
                0x000007b6                _ZN18CANControllerClass9availableEv
 .text._ZN18CANControllerClass4readEv
                0x000007c6       0x38 src/libraries/CAN/src/CANController.o
                0x000007c6                _ZN18CANControllerClass4readEv
 .text._ZN18CANControllerClass4peekEv
                0x000007fe       0x2e src/libraries/CAN/src/CANController.o
                0x000007fe                _ZN18CANControllerClass4peekEv
 .text._ZN18CANControllerClass5flushEv
                0x0000082c        0x2 src/libraries/CAN/src/CANController.o
                0x0000082c                _ZN18CANControllerClass5flushEv
                0x0000082c                _ZN18CANControllerClass3endEv
 .text._ZN18CANControllerClass9onReceiveEPFviE
                0x0000082e        0x8 src/libraries/CAN/src/CANController.o
                0x0000082e                _ZN18CANControllerClass9onReceiveEPFviE
 .text._ZN18CANControllerClass6filterEii
                0x00000836        0x6 src/libraries/CAN/src/CANController.o
                0x00000836                _ZN18CANControllerClass6filterEii
 .text._ZN18CANControllerClass14filterExtendedEll
                0x0000083c        0x6 src/libraries/CAN/src/CANController.o
                0x0000083c                _ZN18CANControllerClass14filterExtendedEll
 .text._ZN18CANControllerClass6wakeupEv
                0x00000842        0x6 src/libraries/CAN/src/CANController.o
                0x00000842                _ZN18CANControllerClass5sleepEv
                0x00000842                _ZN18CANControllerClass7observeEv
                0x00000842                _ZN18CANControllerClass6wakeupEv
                0x00000842                _ZN18CANControllerClass8loopbackEv
                0x00000842                _ZN18CANControllerClass11parsePacketEv
 .text._ZN18CANControllerClassD0Ev
                0x00000848        0x4 src/libraries/CAN/src/CANController.o
                0x00000848                _ZN18CANControllerClassD0Ev
 .text._ZN18CANControllerClass5writeEPKhj
                0x0000084c       0x56 src/libraries/CAN/src/CANController.o
                0x0000084c                _ZN18CANControllerClass5writeEPKhj
 .text._ZN18CANControllerClass9endPacketEv
                0x000008a2       0x24 src/libraries/CAN/src/CANController.o
                0x000008a2                _ZN18CANControllerClass9endPacketEv
 .text._ZN18CANControllerClassC2Ev
                0x000008c6       0x64 src/libraries/CAN/src/CANController.o
                0x000008c6                _ZN18CANControllerClassC1Ev
                0x000008c6                _ZN18CANControllerClassC2Ev
 .text._ZN18CANControllerClass19beginExtendedPacketElib
                0x0000092a       0x48 src/libraries/CAN/src/CANController.o
                0x0000092a                _ZN18CANControllerClass19beginExtendedPacketElib
 .text._ZN18CANControllerClass8packetIdEv
                0x00000972        0xc src/libraries/CAN/src/CANController.o
                0x00000972                _ZN18CANControllerClass8packetIdEv
 .text._ZN18CANControllerClass14packetExtendedEv
                0x0000097e        0x6 src/libraries/CAN/src/CANController.o
                0x0000097e                _ZN18CANControllerClass14packetExtendedEv
 .text._ZN18CANControllerClass9packetRtrEv
                0x00000984        0x6 src/libraries/CAN/src/CANController.o
                0x00000984                _ZN18CANControllerClass9packetRtrEv
 .text._ZN18CANControllerClass9packetDlcEv
                0x0000098a        0x8 src/libraries/CAN/src/CANController.o
                0x0000098a                _ZN18CANControllerClass9packetDlcEv
 .text._ZN12MCP2515ClassD2Ev
                0x00000992        0xe src/libraries/CAN/src/MCP2515.o
                0x00000992                _ZN12MCP2515ClassD2Ev
                0x00000992                _ZN12MCP2515ClassD1Ev
 .text._ZN12MCP2515ClassD0Ev
                0x000009a0       0x14 src/libraries/CAN/src/MCP2515.o
                0x000009a0                _ZN12MCP2515ClassD0Ev
 .text._ZN8SPIClass16beginTransactionE11SPISettings
                0x000009b4       0x34 src/libraries/CAN/src/MCP2515.o
                0x000009b4                _ZN8SPIClass16beginTransactionE11SPISettings
 .text._ZN8SPIClass8transferEh
                0x000009e8        0xe src/libraries/CAN/src/MCP2515.o
                0x000009e8                _ZN8SPIClass8transferEh
 .text._ZN8SPIClass14endTransactionEv
                0x000009f6       0x22 src/libraries/CAN/src/MCP2515.o
                0x000009f6                _ZN8SPIClass14endTransactionEv
 .text._ZN12MCP2515ClassC2Ev
                0x00000a18       0x40 src/libraries/CAN/src/MCP2515.o
                0x00000a18                _ZN12MCP2515ClassC2Ev
                0x00000a18                _ZN12MCP2515ClassC1Ev
 .text._ZN12MCP2515Class5resetEv
                0x00000a58       0x34 src/libraries/CAN/src/MCP2515.o
                0x00000a58                _ZN12MCP2515Class5resetEv
 .text._ZN12MCP2515Class12readRegisterEh
                0x00000a8c       0x44 src/libraries/CAN/src/MCP2515.o
                0x00000a8c                _ZN12MCP2515Class12readRegisterEh
 .text._ZN12MCP2515Class15handleInterruptEv
                0x00000ad0       0x48 src/libraries/CAN/src/MCP2515.o
                0x00000ad0                _ZN12MCP2515Class15handleInterruptEv
 .text._ZN12MCP2515Class11onInterruptEv
                0x00000b18        0x8 src/libraries/CAN/src/MCP2515.o
                0x00000b18                _ZN12MCP2515Class11onInterruptEv
 .text._ZN12MCP2515Class14modifyRegisterEhhh
                0x00000b20       0x50 src/libraries/CAN/src/MCP2515.o
                0x00000b20                _ZN12MCP2515Class14modifyRegisterEhhh
 .text._ZN12MCP2515Class11parsePacketEv
                0x00000b70      0x19a src/libraries/CAN/src/MCP2515.o
                0x00000b70                _ZN12MCP2515Class11parsePacketEv
 .text._ZN12MCP2515Class13writeRegisterEhh
                0x00000d0a       0x44 src/libraries/CAN/src/MCP2515.o
                0x00000d0a                _ZN12MCP2515Class13writeRegisterEhh
 .text._ZN12MCP2515Class6filterEii
                0x00000d4e      0x13c src/libraries/CAN/src/MCP2515.o
                0x00000d4e                _ZN12MCP2515Class6filterEii
 .text._ZN12MCP2515Class14filterExtendedEll
                0x00000e8a      0x1fc src/libraries/CAN/src/MCP2515.o
                0x00000e8a                _ZN12MCP2515Class14filterExtendedEll
 .text._ZN12MCP2515Class7observeEv
                0x00001086       0x2a src/libraries/CAN/src/MCP2515.o
                0x00001086                _ZN12MCP2515Class7observeEv
 .text._ZN12MCP2515Class8loopbackEv
                0x000010b0       0x2a src/libraries/CAN/src/MCP2515.o
                0x000010b0                _ZN12MCP2515Class8loopbackEv
 .text._ZN12MCP2515Class5sleepEv
                0x000010da       0x2a src/libraries/CAN/src/MCP2515.o
                0x000010da                _ZN12MCP2515Class5sleepEv
 .text._ZN12MCP2515Class6wakeupEv
                0x00001104       0x2a src/libraries/CAN/src/MCP2515.o
                0x00001104                _ZN12MCP2515Class6wakeupEv
 .text._ZN12MCP2515Class5beginEl.part.3.constprop.6
                0x0000112e      0x148 src/libraries/CAN/src/MCP2515.o
 .text.startup._GLOBAL__sub_I__ZN12MCP2515ClassC2Ev
                0x00001276        0x8 src/libraries/CAN/src/MCP2515.o
 .text.exit._GLOBAL__sub_D__ZN12MCP2515ClassC2Ev
                0x0000127e        0x8 src/libraries/CAN/src/MCP2515.o
 .text._ZN12MCP2515Class5beginEl
                0x00001286       0x66 src/libraries/CAN/src/MCP2515.o
                0x00001286                _ZN12MCP2515Class5beginEl
 .text._ZN12MCP2515Class3endEv
                0x000012ec       0x14 src/libraries/CAN/src/MCP2515.o
                0x000012ec                _ZN12MCP2515Class3endEv
 .text._ZN12MCP2515Class9endPacketEv
                0x00001300      0x18e src/libraries/CAN/src/MCP2515.o
                0x00001300                _ZN12MCP2515Class9endPacketEv
 .text._ZN12MCP2515Class9onReceiveEPFviE
                0x0000148e       0xa0 src/libraries/CAN/src/MCP2515.o
                0x0000148e                _ZN12MCP2515Class9onReceiveEPFviE
 .text._ZN8SPIClass5beginEv
                0x0000152e       0x6c src/libraries/SPI/src/SPI.o
                0x0000152e                _ZN8SPIClass5beginEv
 .text._ZN8SPIClass3endEv
                0x0000159a       0x28 src/libraries/SPI/src/SPI.o
                0x0000159a                _ZN8SPIClass3endEv
 .text._ZN8SPIClass14usingInterruptEh
                0x000015c2       0x38 src/libraries/SPI/src/SPI.o
                0x000015c2                _ZN8SPIClass14usingInterruptEh
 .text._ZN8SPIClass17notUsingInterruptEh
                0x000015fa       0x36 src/libraries/SPI/src/SPI.o
                0x000015fa                _ZN8SPIClass17notUsingInterruptEh
 .text.avr-libc.fplib
                0x00001630        0xe c:/program files (x86)/atmel/studio/7.0/toolchain/avr8/avr8-gnu-toolchain/bin/../lib/gcc/avr/5.4.0/../../../../avr/lib/avr5\libm.a(addsf3.o)
                0x00001630                __subsf3
                0x00001632                __addsf3
 .text.avr-libc.fplib
                0x0000163e       0xcc c:/program files (x86)/atmel/studio/7.0/toolchain/avr8/avr8-gnu-toolchain/bin/../lib/gcc/avr/5.4.0/../../../../avr/lib/avr5\libm.a(addsf3x.o)
                0x00001660                __addsf3x
 .text.avr-libc.fplib
                0x0000170a       0x5e c:/program files (x86)/atmel/studio/7.0/toolchain/avr8/avr8-gnu-toolchain/bin/../lib/gcc/avr/5.4.0/../../../../avr/lib/avr5\libm.a(fixunssfsi.o)
                0x0000170a                __fixunssfsi
 .text.avr-libc.fplib
                0x00001768       0x7a c:/program files (x86)/atmel/studio/7.0/toolchain/avr8/avr8-gnu-toolchain/bin/../lib/gcc/avr/5.4.0/../../../../avr/lib/avr5\libm.a(floatsisf.o)
                0x00001768                __floatunsisf
                0x0000176c                __floatsisf
 .text.avr-libc.fplib
                0x000017e2        0xc c:/program files (x86)/atmel/studio/7.0/toolchain/avr8/avr8-gnu-toolchain/bin/../lib/gcc/avr/5.4.0/../../../../avr/lib/avr5\libm.a(fp_inf.o)
                0x000017e2                __fp_inf
 .text.avr-libc.fplib
                0x000017ee        0x6 c:/program files (x86)/atmel/studio/7.0/toolchain/avr8/avr8-gnu-toolchain/bin/../lib/gcc/avr/5.4.0/../../../../avr/lib/avr5\libm.a(fp_nan.o)
                0x000017ee                __fp_nan
 .text.avr-libc.fplib
                0x000017f4        0xe c:/program files (x86)/atmel/studio/7.0/toolchain/avr8/avr8-gnu-toolchain/bin/../lib/gcc/avr/5.4.0/../../../../avr/lib/avr5\libm.a(fp_pscA.o)
                0x000017f4                __fp_pscA
 .text.avr-libc.fplib
                0x00001802        0xe c:/program files (x86)/atmel/studio/7.0/toolchain/avr8/avr8-gnu-toolchain/bin/../lib/gcc/avr/5.4.0/../../../../avr/lib/avr5\libm.a(fp_pscB.o)
                0x00001802                __fp_pscB
 .text.avr-libc.fplib
                0x00001810       0x22 c:/program files (x86)/atmel/studio/7.0/toolchain/avr8/avr8-gnu-toolchain/bin/../lib/gcc/avr/5.4.0/../../../../avr/lib/avr5\libm.a(fp_round.o)
                0x00001810                __fp_round
 .text.avr-libc.fplib
                0x00001832       0x44 c:/program files (x86)/atmel/studio/7.0/toolchain/avr8/avr8-gnu-toolchain/bin/../lib/gcc/avr/5.4.0/../../../../avr/lib/avr5\libm.a(fp_split3.o)
                0x00001832                __fp_split3
                0x00001842                __fp_splitA
 .text.avr-libc.fplib
                0x00001876        0xe c:/program files (x86)/atmel/studio/7.0/toolchain/avr8/avr8-gnu-toolchain/bin/../lib/gcc/avr/5.4.0/../../../../avr/lib/avr5\libm.a(fp_zero.o)
                0x00001876                __fp_zero
                0x00001878                __fp_szero
 .text.avr-libc.fplib
                0x00001884        0xa c:/program files (x86)/atmel/studio/7.0/toolchain/avr8/avr8-gnu-toolchain/bin/../lib/gcc/avr/5.4.0/../../../../avr/lib/avr5\libm.a(gesf2.o)
                0x00001884                __gesf2
                0x00001884                __gtsf2
 .text.avr-libc.fplib
                0x0000188e       0xa0 c:/program files (x86)/atmel/studio/7.0/toolchain/avr8/avr8-gnu-toolchain/bin/../lib/gcc/avr/5.4.0/../../../../avr/lib/avr5\libm.a(pow.o)
                0x0000188e                pow
 .text.avr-libc.fplib
                0x0000192e       0x74 c:/program files (x86)/atmel/studio/7.0/toolchain/avr8/avr8-gnu-toolchain/bin/../lib/gcc/avr/5.4.0/../../../../avr/lib/avr5\libm.a(exp.o)
                0x0000193e                exp
 .text.avr-libc.fplib
                0x000019a2       0x48 c:/program files (x86)/atmel/studio/7.0/toolchain/avr8/avr8-gnu-toolchain/bin/../lib/gcc/avr/5.4.0/../../../../avr/lib/avr5\libm.a(fp_cmp.o)
                0x000019a2                __fp_cmp
 .text.avr-libc.fplib
                0x000019ea       0x4e c:/program files (x86)/atmel/studio/7.0/toolchain/avr8/avr8-gnu-toolchain/bin/../lib/gcc/avr/5.4.0/../../../../avr/lib/avr5\libm.a(fp_powser.o)
                0x000019ea                __fp_powser
 .text.avr-libc.fplib
                0x00001a38       0x10 c:/program files (x86)/atmel/studio/7.0/toolchain/avr8/avr8-gnu-toolchain/bin/../lib/gcc/avr/5.4.0/../../../../avr/lib/avr5\libm.a(inverse.o)
                0x00001a38                inverse
 .text.avr-libc.fplib
                0x00001a48       0x74 c:/program files (x86)/atmel/studio/7.0/toolchain/avr8/avr8-gnu-toolchain/bin/../lib/gcc/avr/5.4.0/../../../../avr/lib/avr5\libm.a(ldexp.o)
                0x00001a50                ldexp
 .text.avr-libc.fplib
                0x00001abc       0xa0 c:/program files (x86)/atmel/studio/7.0/toolchain/avr8/avr8-gnu-toolchain/bin/../lib/gcc/avr/5.4.0/../../../../avr/lib/avr5\libm.a(log.o)
                0x00001acc                log
 .text.avr-libc.fplib
                0x00001b5c       0x68 c:/program files (x86)/atmel/studio/7.0/toolchain/avr8/avr8-gnu-toolchain/bin/../lib/gcc/avr/5.4.0/../../../../avr/lib/avr5\libm.a(modf.o)
                0x00001b5c                modf
                0x00001b5c                modff
 .text.avr-libc.fplib
                0x00001bc4        0x8 c:/program files (x86)/atmel/studio/7.0/toolchain/avr8/avr8-gnu-toolchain/bin/../lib/gcc/avr/5.4.0/../../../../avr/lib/avr5\libm.a(mulsf3.o)
                0x00001bc4                __mulsf3
 .text.avr-libc.fplib
                0x00001bcc       0xd2 c:/program files (x86)/atmel/studio/7.0/toolchain/avr8/avr8-gnu-toolchain/bin/../lib/gcc/avr/5.4.0/../../../../avr/lib/avr5\libm.a(mulsf3x.o)
                0x00001bea                __mulsf3x
                0x00001bf0                __mulsf3_pse
 .text.avr-libc.fplib
                0x00001c9e        0x8 c:/program files (x86)/atmel/studio/7.0/toolchain/avr8/avr8-gnu-toolchain/bin/../lib/gcc/avr/5.4.0/../../../../avr/lib/avr5\libm.a(divsf3.o)
                0x00001c9e                __divsf3
 .text.avr-libc.fplib
                0x00001ca6       0xdc c:/program files (x86)/atmel/studio/7.0/toolchain/avr8/avr8-gnu-toolchain/bin/../lib/gcc/avr/5.4.0/../../../../avr/lib/avr5\libm.a(divsf3x.o)
                0x00001cc6                __divsf3x
                0x00001ccc                __divsf3_pse
 .text.avr-libc.fplib
                0x00001d82       0x1c c:/program files (x86)/atmel/studio/7.0/toolchain/avr8/avr8-gnu-toolchain/bin/../lib/gcc/avr/5.4.0/../../../../avr/lib/avr5\libm.a(fp_mpack.o)
                0x00001d82                __fp_mpack
                0x00001d86                __fp_mpack_finite
 .text._ZN14HardwareSerial9availableEv
                0x00001d9e       0x18 C:\Users\BASTIA~1\DOCUME~1\GitHub\SMARTH~1\NODE_0~1\NODE_0~1\ARDUIN~1\Debug\libArduinoCore.a(HardwareSerial.o)
                0x00001d9e                _ZN14HardwareSerial9availableEv
 .text._ZN14HardwareSerial4peekEv
                0x00001db6       0x1c C:\Users\BASTIA~1\DOCUME~1\GitHub\SMARTH~1\NODE_0~1\NODE_0~1\ARDUIN~1\Debug\libArduinoCore.a(HardwareSerial.o)
                0x00001db6                _ZN14HardwareSerial4peekEv
 .text._ZN14HardwareSerial4readEv
                0x00001dd2       0x28 C:\Users\BASTIA~1\DOCUME~1\GitHub\SMARTH~1\NODE_0~1\NODE_0~1\ARDUIN~1\Debug\libArduinoCore.a(HardwareSerial.o)
                0x00001dd2                _ZN14HardwareSerial4readEv
 .text._ZN14HardwareSerial17availableForWriteEv
                0x00001dfa       0x1e C:\Users\BASTIA~1\DOCUME~1\GitHub\SMARTH~1\NODE_0~1\NODE_0~1\ARDUIN~1\Debug\libArduinoCore.a(HardwareSerial.o)
                0x00001dfa                _ZN14HardwareSerial17availableForWriteEv
 .text._Z14serialEventRunv
                0x00001e18       0x1c C:\Users\BASTIA~1\DOCUME~1\GitHub\SMARTH~1\NODE_0~1\NODE_0~1\ARDUIN~1\Debug\libArduinoCore.a(HardwareSerial.o)
                0x00001e18                _Z14serialEventRunv
 .text._ZN14HardwareSerial17_tx_udr_empty_irqEv
                0x00001e34       0x42 C:\Users\BASTIA~1\DOCUME~1\GitHub\SMARTH~1\NODE_0~1\NODE_0~1\ARDUIN~1\Debug\libArduinoCore.a(HardwareSerial.o)
                0x00001e34                _ZN14HardwareSerial17_tx_udr_empty_irqEv
 .text._ZN14HardwareSerial5writeEh
                0x00001e76       0x8e C:\Users\BASTIA~1\DOCUME~1\GitHub\SMARTH~1\NODE_0~1\NODE_0~1\ARDUIN~1\Debug\libArduinoCore.a(HardwareSerial.o)
                0x00001e76                _ZN14HardwareSerial5writeEh
 .text._ZN14HardwareSerial5flushEv
                0x00001f04       0x44 C:\Users\BASTIA~1\DOCUME~1\GitHub\SMARTH~1\NODE_0~1\NODE_0~1\ARDUIN~1\Debug\libArduinoCore.a(HardwareSerial.o)
                0x00001f04                _ZN14HardwareSerial5flushEv
 .text._ZN14HardwareSerial5beginEmh
                0x00001f48       0xca C:\Users\BASTIA~1\DOCUME~1\GitHub\SMARTH~1\NODE_0~1\NODE_0~1\ARDUIN~1\Debug\libArduinoCore.a(HardwareSerial.o)
                0x00001f48                _ZN14HardwareSerial5beginEmh
 .text._ZN14HardwareSerial5beginEm
                0x00002012        0x6 C:\Users\BASTIA~1\DOCUME~1\GitHub\SMARTH~1\NODE_0~1\NODE_0~1\ARDUIN~1\Debug\libArduinoCore.a(HardwareSerial.o)
                0x00002012                _ZN14HardwareSerial5beginEm
 .text.__vector_18
                0x00002018       0x64 C:\Users\BASTIA~1\DOCUME~1\GitHub\SMARTH~1\NODE_0~1\NODE_0~1\ARDUIN~1\Debug\libArduinoCore.a(HardwareSerial0.o)
                0x00002018                __vector_18
 .text.__vector_19
                0x0000207c       0x4c C:\Users\BASTIA~1\DOCUME~1\GitHub\SMARTH~1\NODE_0~1\NODE_0~1\ARDUIN~1\Debug\libArduinoCore.a(HardwareSerial0.o)
                0x0000207c                __vector_19
 .text._Z17Serial0_availablev
                0x000020c8       0x14 C:\Users\BASTIA~1\DOCUME~1\GitHub\SMARTH~1\NODE_0~1\NODE_0~1\ARDUIN~1\Debug\libArduinoCore.a(HardwareSerial0.o)
                0x000020c8                _Z17Serial0_availablev
 .text.startup._GLOBAL__sub_I___vector_18
                0x000020dc       0x5a C:\Users\BASTIA~1\DOCUME~1\GitHub\SMARTH~1\NODE_0~1\NODE_0~1\ARDUIN~1\Debug\libArduinoCore.a(HardwareSerial0.o)
 .text.__empty  0x00002136        0x2 C:\Users\BASTIA~1\DOCUME~1\GitHub\SMARTH~1\NODE_0~1\NODE_0~1\ARDUIN~1\Debug\libArduinoCore.a(hooks.o)
                0x00002136                yield
 .text.initVariant
                0x00002138        0x2 C:\Users\BASTIA~1\DOCUME~1\GitHub\SMARTH~1\NODE_0~1\NODE_0~1\ARDUIN~1\Debug\libArduinoCore.a(main.o)
                0x00002138                initVariant
 .text.startup.main
                0x0000213a       0x1e C:\Users\BASTIA~1\DOCUME~1\GitHub\SMARTH~1\NODE_0~1\NODE_0~1\ARDUIN~1\Debug\libArduinoCore.a(main.o)
                0x0000213a                main
 .text._ZdlPv   0x00002158        0x4 C:\Users\BASTIA~1\DOCUME~1\GitHub\SMARTH~1\NODE_0~1\NODE_0~1\ARDUIN~1\Debug\libArduinoCore.a(new.o)
                0x00002158                _ZdlPv
 .text._ZN5Print5writeEPKhj
                0x0000215c       0x54 C:\Users\BASTIA~1\DOCUME~1\GitHub\SMARTH~1\NODE_0~1\NODE_0~1\ARDUIN~1\Debug\libArduinoCore.a(Print.o)
                0x0000215c                _ZN5Print5writeEPKhj
 .text._ZN5Print5writeEPKc
                0x000021b0       0x2a C:\Users\BASTIA~1\DOCUME~1\GitHub\SMARTH~1\NODE_0~1\NODE_0~1\ARDUIN~1\Debug\libArduinoCore.a(Print.o)
                0x000021b0                _ZN5Print5writeEPKc
 .text._ZN5Print5printEPKc
                0x000021da        0x4 C:\Users\BASTIA~1\DOCUME~1\GitHub\SMARTH~1\NODE_0~1\NODE_0~1\ARDUIN~1\Debug\libArduinoCore.a(Print.o)
                0x000021da                _ZN5Print5printEPKc
 .text._ZN5Print5printEc
                0x000021de        0xe C:\Users\BASTIA~1\DOCUME~1\GitHub\SMARTH~1\NODE_0~1\NODE_0~1\ARDUIN~1\Debug\libArduinoCore.a(Print.o)
                0x000021de                _ZN5Print5printEc
 .text._ZN5Print7printlnEv
                0x000021ec        0x8 C:\Users\BASTIA~1\DOCUME~1\GitHub\SMARTH~1\NODE_0~1\NODE_0~1\ARDUIN~1\Debug\libArduinoCore.a(Print.o)
                0x000021ec                _ZN5Print7printlnEv
 .text._ZN5Print7printlnEPKc
                0x000021f4       0x24 C:\Users\BASTIA~1\DOCUME~1\GitHub\SMARTH~1\NODE_0~1\NODE_0~1\ARDUIN~1\Debug\libArduinoCore.a(Print.o)
                0x000021f4                _ZN5Print7printlnEPKc
 .text._ZN5Print11printNumberEmh
                0x00002218       0x92 C:\Users\BASTIA~1\DOCUME~1\GitHub\SMARTH~1\NODE_0~1\NODE_0~1\ARDUIN~1\Debug\libArduinoCore.a(Print.o)
                0x00002218                _ZN5Print11printNumberEmh
 .text._ZN5Print5printEmi
                0x000022aa       0x1a C:\Users\BASTIA~1\DOCUME~1\GitHub\SMARTH~1\NODE_0~1\NODE_0~1\ARDUIN~1\Debug\libArduinoCore.a(Print.o)
                0x000022aa                _ZN5Print5printEmi
 .text._ZN5Print5printEhi
                0x000022c4        0xe C:\Users\BASTIA~1\DOCUME~1\GitHub\SMARTH~1\NODE_0~1\NODE_0~1\ARDUIN~1\Debug\libArduinoCore.a(Print.o)
                0x000022c4                _ZN5Print5printEhi
 .text._ZN5Print7printlnEmi
                0x000022d2       0x24 C:\Users\BASTIA~1\DOCUME~1\GitHub\SMARTH~1\NODE_0~1\NODE_0~1\ARDUIN~1\Debug\libArduinoCore.a(Print.o)
                0x000022d2                _ZN5Print7printlnEmi
 .text._ZN5Print5printEli
                0x000022f6       0x90 C:\Users\BASTIA~1\DOCUME~1\GitHub\SMARTH~1\NODE_0~1\NODE_0~1\ARDUIN~1\Debug\libArduinoCore.a(Print.o)
                0x000022f6                _ZN5Print5printEli
 .text._ZN5Print5printEii
                0x00002386        0xe C:\Users\BASTIA~1\DOCUME~1\GitHub\SMARTH~1\NODE_0~1\NODE_0~1\ARDUIN~1\Debug\libArduinoCore.a(Print.o)
                0x00002386                _ZN5Print5printEii
 .text._ZN5Print7printlnEii
                0x00002394       0x24 C:\Users\BASTIA~1\DOCUME~1\GitHub\SMARTH~1\NODE_0~1\NODE_0~1\ARDUIN~1\Debug\libArduinoCore.a(Print.o)
                0x00002394                _ZN5Print7printlnEii
 .text._ZN6Stream9timedReadEv
                0x000023b8       0x60 C:\Users\BASTIA~1\DOCUME~1\GitHub\SMARTH~1\NODE_0~1\NODE_0~1\ARDUIN~1\Debug\libArduinoCore.a(Stream.o)
                0x000023b8                _ZN6Stream9timedReadEv
 .text._ZN6Stream10setTimeoutEm
                0x00002418        0xc C:\Users\BASTIA~1\DOCUME~1\GitHub\SMARTH~1\NODE_0~1\NODE_0~1\ARDUIN~1\Debug\libArduinoCore.a(Stream.o)
                0x00002418                _ZN6Stream10setTimeoutEm
 .text._ZN6Stream9readBytesEPcj
                0x00002424       0x4a C:\Users\BASTIA~1\DOCUME~1\GitHub\SMARTH~1\NODE_0~1\NODE_0~1\ARDUIN~1\Debug\libArduinoCore.a(Stream.o)
                0x00002424                _ZN6Stream9readBytesEPcj
 .text.nothing  0x0000246e        0x2 C:\Users\BASTIA~1\DOCUME~1\GitHub\SMARTH~1\NODE_0~1\NODE_0~1\ARDUIN~1\Debug\libArduinoCore.a(WInterrupts.o)
 .text.attachInterrupt
                0x00002470       0x40 C:\Users\BASTIA~1\DOCUME~1\GitHub\SMARTH~1\NODE_0~1\NODE_0~1\ARDUIN~1\Debug\libArduinoCore.a(WInterrupts.o)
                0x00002470                attachInterrupt
 .text.detachInterrupt
                0x000024b0       0x24 C:\Users\BASTIA~1\DOCUME~1\GitHub\SMARTH~1\NODE_0~1\NODE_0~1\ARDUIN~1\Debug\libArduinoCore.a(WInterrupts.o)
                0x000024b0                detachInterrupt
 .text.__vector_1
                0x000024d4       0x4e C:\Users\BASTIA~1\DOCUME~1\GitHub\SMARTH~1\NODE_0~1\NODE_0~1\ARDUIN~1\Debug\libArduinoCore.a(WInterrupts.o)
                0x000024d4                __vector_1
 .text.__vector_2
                0x00002522       0x4e C:\Users\BASTIA~1\DOCUME~1\GitHub\SMARTH~1\NODE_0~1\NODE_0~1\ARDUIN~1\Debug\libArduinoCore.a(WInterrupts.o)
                0x00002522                __vector_2
 .text.__vector_16
                0x00002570       0x94 C:\Users\BASTIA~1\DOCUME~1\GitHub\SMARTH~1\NODE_0~1\NODE_0~1\ARDUIN~1\Debug\libArduinoCore.a(wiring.o)
                0x00002570                __vector_16
 .text.millis   0x00002604       0x18 C:\Users\BASTIA~1\DOCUME~1\GitHub\SMARTH~1\NODE_0~1\NODE_0~1\ARDUIN~1\Debug\libArduinoCore.a(wiring.o)
                0x00002604                millis
 .text.delayMicroseconds
                0x0000261c       0x16 C:\Users\BASTIA~1\DOCUME~1\GitHub\SMARTH~1\NODE_0~1\NODE_0~1\ARDUIN~1\Debug\libArduinoCore.a(wiring.o)
                0x0000261c                delayMicroseconds
 .text.init     0x00002632       0x76 C:\Users\BASTIA~1\DOCUME~1\GitHub\SMARTH~1\NODE_0~1\NODE_0~1\ARDUIN~1\Debug\libArduinoCore.a(wiring.o)
                0x00002632                init
 .text.turnOffPWM
                0x000026a8       0x52 C:\Users\BASTIA~1\DOCUME~1\GitHub\SMARTH~1\NODE_0~1\NODE_0~1\ARDUIN~1\Debug\libArduinoCore.a(wiring_digital.o)
 .text.pinMode  0x000026fa       0x78 C:\Users\BASTIA~1\DOCUME~1\GitHub\SMARTH~1\NODE_0~1\NODE_0~1\ARDUIN~1\Debug\libArduinoCore.a(wiring_digital.o)
                0x000026fa                pinMode
 .text.digitalWrite
                0x00002772       0x5e C:\Users\BASTIA~1\DOCUME~1\GitHub\SMARTH~1\NODE_0~1\NODE_0~1\ARDUIN~1\Debug\libArduinoCore.a(wiring_digital.o)
                0x00002772                digitalWrite
 .text.libgcc.div
                0x000027d0       0x44 c:/program files (x86)/atmel/studio/7.0/toolchain/avr8/avr8-gnu-toolchain/bin/../lib/gcc/avr/5.4.0/avr5\libgcc.a(_udivmodsi4.o)
                0x000027d0                __udivmodsi4
 .text.libgcc   0x00002814        0xc c:/program files (x86)/atmel/studio/7.0/toolchain/avr8/avr8-gnu-toolchain/bin/../lib/gcc/avr/5.4.0/avr5\libgcc.a(_tablejump2.o)
                0x00002814                __tablejump2__
 .text.avr-libc
                0x00002820      0x242 c:/program files (x86)/atmel/studio/7.0/toolchain/avr8/avr8-gnu-toolchain/bin/../lib/gcc/avr/5.4.0/../../../../avr/lib/avr5\libc.a(malloc.o)
                0x00002820                malloc
                0x00002950                free
 .text.avr-libc
                0x00002a62       0x12 c:/program files (x86)/atmel/studio/7.0/toolchain/avr8/avr8-gnu-toolchain/bin/../lib/gcc/avr/5.4.0/../../../../avr/lib/avr5\libc.a(memcpy.o)
                0x00002a62                memcpy
                0x00002a74                . = ALIGN (0x2)
 *(.fini9)
 .fini9         0x00002a74        0x0 c:/program files (x86)/atmel/studio/7.0/toolchain/avr8/avr8-gnu-toolchain/bin/../lib/gcc/avr/5.4.0/avr5\libgcc.a(_exit.o)
                0x00002a74                _exit
                0x00002a74                exit
 *(.fini9)
 *(.fini8)
 *(.fini8)
 *(.fini7)
 *(.fini7)
 *(.fini6)
 .fini6         0x00002a74       0x16 c:/program files (x86)/atmel/studio/7.0/toolchain/avr8/avr8-gnu-toolchain/bin/../lib/gcc/avr/5.4.0/avr5\libgcc.a(_dtors.o)
                0x00002a74                __do_global_dtors
 *(.fini6)
 *(.fini5)
 *(.fini5)
 *(.fini4)
 *(.fini4)
 *(.fini3)
 *(.fini3)
 *(.fini2)
 *(.fini2)
 *(.fini1)
 *(.fini1)
 *(.fini0)
 .fini0         0x00002a8a        0x4 c:/program files (x86)/atmel/studio/7.0/toolchain/avr8/avr8-gnu-toolchain/bin/../lib/gcc/avr/5.4.0/avr5\libgcc.a(_exit.o)
 *(.fini0)
                0x00002a8e                _etext = .

.data           0x00800100      0x30e load address 0x00002a8e
                0x00800100                PROVIDE (__data_start, .)
 *(.data)
 .data          0x00800100        0x6 c:/program files (x86)/atmel/studio/7.0/toolchain/avr8/avr8-gnu-toolchain/bin/../lib/gcc/avr/5.4.0/../../../../avr/lib/avr5\libc.a(malloc.o)
                0x00800100                __malloc_heap_end
                0x00800102                __malloc_heap_start
                0x00800104                __malloc_margin
 *(.data*)
 .data.intFunc  0x00800106        0x4 C:\Users\BASTIA~1\DOCUME~1\GitHub\SMARTH~1\NODE_0~1\NODE_0~1\ARDUIN~1\Debug\libArduinoCore.a(WInterrupts.o)
 *(.gnu.linkonce.d*)
 *(.rodata)
 .rodata        0x0080010a      0x108 src/libraries/CAN/src/MCP2515.o
 *(.rodata*)
 .rodata.str1.1
                0x00800212      0x17a Sketch.o
                                0x17c (size before relaxing)
 .rodata._ZTV18CANControllerClass
                0x0080038c       0x30 src/libraries/CAN/src/CANController.o
                0x0080038c                _ZTV18CANControllerClass
 .rodata._ZTV12MCP2515Class
                0x008003bc       0x30 src/libraries/CAN/src/MCP2515.o
                0x008003bc                _ZTV12MCP2515Class
 .rodata._ZTV14HardwareSerial
                0x008003ec       0x12 C:\Users\BASTIA~1\DOCUME~1\GitHub\SMARTH~1\NODE_0~1\NODE_0~1\ARDUIN~1\Debug\libArduinoCore.a(HardwareSerial.o)
                0x008003ec                _ZTV14HardwareSerial
 .rodata.str1.1
                0x008003fe        0xf C:\Users\BASTIA~1\DOCUME~1\GitHub\SMARTH~1\NODE_0~1\NODE_0~1\ARDUIN~1\Debug\libArduinoCore.a(Print.o)
 *(.gnu.linkonce.r*)
                0x0080040e                . = ALIGN (0x2)
 *fill*         0x0080040d        0x1 
                0x0080040e                _edata = .
                0x0080040e                PROVIDE (__data_end, .)

.bss            0x0080040e      0x13f
                0x0080040e                PROVIDE (__bss_start, .)
 *(.bss)
 *(.bss*)
 .bss.CAN_Message_detected
                0x0080040e        0x1 Sketch.o
                0x0080040e                CAN_Message_detected
 .bss.CAN_UID_LIST_Complete
                0x0080040f        0x1 Sketch.o
                0x0080040f                CAN_UID_LIST_Complete
 .bss.CAN_UID_List
                0x00800410       0x50 Sketch.o
                0x00800410                CAN_UID_List
 .bss.CAN       0x00800460       0x3f src/libraries/CAN/src/MCP2515.o
                0x00800460                CAN
 .bss._ZN8SPIClass13interruptSaveE
                0x0080049f        0x1 src/libraries/SPI/src/SPI.o
                0x0080049f                _ZN8SPIClass13interruptSaveE
 .bss._ZN8SPIClass13interruptMaskE
                0x008004a0        0x1 src/libraries/SPI/src/SPI.o
                0x008004a0                _ZN8SPIClass13interruptMaskE
 .bss._ZN8SPIClass13interruptModeE
                0x008004a1        0x1 src/libraries/SPI/src/SPI.o
                0x008004a1                _ZN8SPIClass13interruptModeE
 .bss._ZN8SPIClass11initializedE
                0x008004a2        0x1 src/libraries/SPI/src/SPI.o
                0x008004a2                _ZN8SPIClass11initializedE
 .bss.Serial    0x008004a3       0x9d C:\Users\BASTIA~1\DOCUME~1\GitHub\SMARTH~1\NODE_0~1\NODE_0~1\ARDUIN~1\Debug\libArduinoCore.a(HardwareSerial0.o)
                0x008004a3                Serial
 .bss.timer0_fract
                0x00800540        0x1 C:\Users\BASTIA~1\DOCUME~1\GitHub\SMARTH~1\NODE_0~1\NODE_0~1\ARDUIN~1\Debug\libArduinoCore.a(wiring.o)
 .bss.timer0_millis
                0x00800541        0x4 C:\Users\BASTIA~1\DOCUME~1\GitHub\SMARTH~1\NODE_0~1\NODE_0~1\ARDUIN~1\Debug\libArduinoCore.a(wiring.o)
                0x00800541                timer0_millis
 .bss.timer0_overflow_count
                0x00800545        0x4 C:\Users\BASTIA~1\DOCUME~1\GitHub\SMARTH~1\NODE_0~1\NODE_0~1\ARDUIN~1\Debug\libArduinoCore.a(wiring.o)
                0x00800545                timer0_overflow_count
 *(COMMON)
 COMMON         0x00800549        0x4 c:/program files (x86)/atmel/studio/7.0/toolchain/avr8/avr8-gnu-toolchain/bin/../lib/gcc/avr/5.4.0/../../../../avr/lib/avr5\libc.a(malloc.o)
                0x00800549                __brkval
                0x0080054b                __flp
                0x0080054d                PROVIDE (__bss_end, .)
                0x00002a8e                __data_load_start = LOADADDR (.data)
                0x00002d9c                __data_load_end = (__data_load_start + SIZEOF (.data))

.noinit         0x0080054d        0x0
                [!provide]                PROVIDE (__noinit_start, .)
 *(.noinit*)
                [!provide]                PROVIDE (__noinit_end, .)
                0x0080054d                _end = .
                0x0080054d                PROVIDE (__heap_start, .)

.eeprom         0x00810000        0x8
 *(.eeprom*)
 .eeprom        0x00810000        0x8 Sketch.o
                0x00810000                EEPROM_UID_KELLER_HUB
                0x00810004                EEPROM_UID_NODE
                0x00810008                __eeprom_end = .

.fuse
 *(.fuse)
 *(.lfuse)
 *(.hfuse)
 *(.efuse)

.lock
 *(.lock*)

.signature
 *(.signature*)

.user_signatures
 *(.user_signatures*)

.stab
 *(.stab)

.stabstr
 *(.stabstr)

.stab.excl
 *(.stab.excl)

.stab.exclstr
 *(.stab.exclstr)

.stab.index
 *(.stab.index)

.stab.indexstr
 *(.stab.indexstr)

.comment        0x00000000       0x30
 *(.comment)
 .comment       0x00000000       0x30 Hausbus.o
                                 0x31 (size before relaxing)
 .comment       0x00000030       0x31 Sketch.o
 .comment       0x00000030       0x31 src/libraries/CAN/src/CANController.o
 .comment       0x00000030       0x31 src/libraries/CAN/src/MCP2515.o
 .comment       0x00000030       0x31 src/libraries/SPI/src/SPI.o
 .comment       0x00000030       0x31 C:\Users\BASTIA~1\DOCUME~1\GitHub\SMARTH~1\NODE_0~1\NODE_0~1\ARDUIN~1\Debug\libArduinoCore.a(HardwareSerial.o)
 .comment       0x00000030       0x31 C:\Users\BASTIA~1\DOCUME~1\GitHub\SMARTH~1\NODE_0~1\NODE_0~1\ARDUIN~1\Debug\libArduinoCore.a(HardwareSerial0.o)
 .comment       0x00000030       0x31 C:\Users\BASTIA~1\DOCUME~1\GitHub\SMARTH~1\NODE_0~1\NODE_0~1\ARDUIN~1\Debug\libArduinoCore.a(hooks.o)
 .comment       0x00000030       0x31 C:\Users\BASTIA~1\DOCUME~1\GitHub\SMARTH~1\NODE_0~1\NODE_0~1\ARDUIN~1\Debug\libArduinoCore.a(main.o)
 .comment       0x00000030       0x31 C:\Users\BASTIA~1\DOCUME~1\GitHub\SMARTH~1\NODE_0~1\NODE_0~1\ARDUIN~1\Debug\libArduinoCore.a(new.o)
 .comment       0x00000030       0x31 C:\Users\BASTIA~1\DOCUME~1\GitHub\SMARTH~1\NODE_0~1\NODE_0~1\ARDUIN~1\Debug\libArduinoCore.a(Print.o)
 .comment       0x00000030       0x31 C:\Users\BASTIA~1\DOCUME~1\GitHub\SMARTH~1\NODE_0~1\NODE_0~1\ARDUIN~1\Debug\libArduinoCore.a(Stream.o)
 .comment       0x00000030       0x31 C:\Users\BASTIA~1\DOCUME~1\GitHub\SMARTH~1\NODE_0~1\NODE_0~1\ARDUIN~1\Debug\libArduinoCore.a(WInterrupts.o)
 .comment       0x00000030       0x31 C:\Users\BASTIA~1\DOCUME~1\GitHub\SMARTH~1\NODE_0~1\NODE_0~1\ARDUIN~1\Debug\libArduinoCore.a(wiring.o)
 .comment       0x00000030       0x31 C:\Users\BASTIA~1\DOCUME~1\GitHub\SMARTH~1\NODE_0~1\NODE_0~1\ARDUIN~1\Debug\libArduinoCore.a(wiring_digital.o)
 .comment       0x00000030       0x31 c:/program files (x86)/atmel/studio/7.0/toolchain/avr8/avr8-gnu-toolchain/bin/../lib/gcc/avr/5.4.0/../../../../avr/lib/avr5\libc.a(malloc.o)

.note.gnu.avr.deviceinfo
                0x00000000       0x40
 .note.gnu.avr.deviceinfo
                0x00000000       0x40 C:/Program Files (x86)/Atmel/Studio/7.0/Packs/atmel/ATmega_DFP/1.2.150/gcc/dev/atmega328p/avr5/crtatmega328p.o

.note.gnu.build-id
 *(.note.gnu.build-id)

.debug
 *(.debug)

.line
 *(.line)

.debug_srcinfo
 *(.debug_srcinfo)

.debug_sfnames
 *(.debug_sfnames)

.debug_aranges  0x00000000      0x628
 *(.debug_aranges)
 .debug_aranges
                0x00000000       0x38 Hausbus.o
 .debug_aranges
                0x00000038       0x30 Sketch.o
 .debug_aranges
                0x00000068       0xe0 src/libraries/CAN/src/CANController.o
 .debug_aranges
                0x00000148      0x120 src/libraries/CAN/src/MCP2515.o
 .debug_aranges
                0x00000268       0x38 src/libraries/SPI/src/SPI.o
 .debug_aranges
                0x000002a0       0x70 C:\Users\BASTIA~1\DOCUME~1\GitHub\SMARTH~1\NODE_0~1\NODE_0~1\ARDUIN~1\Debug\libArduinoCore.a(HardwareSerial.o)
 .debug_aranges
                0x00000310       0x48 C:\Users\BASTIA~1\DOCUME~1\GitHub\SMARTH~1\NODE_0~1\NODE_0~1\ARDUIN~1\Debug\libArduinoCore.a(HardwareSerial0.o)
 .debug_aranges
                0x00000358       0x20 C:\Users\BASTIA~1\DOCUME~1\GitHub\SMARTH~1\NODE_0~1\NODE_0~1\ARDUIN~1\Debug\libArduinoCore.a(hooks.o)
 .debug_aranges
                0x00000378       0x30 C:\Users\BASTIA~1\DOCUME~1\GitHub\SMARTH~1\NODE_0~1\NODE_0~1\ARDUIN~1\Debug\libArduinoCore.a(main.o)
 .debug_aranges
                0x000003a8       0x28 C:\Users\BASTIA~1\DOCUME~1\GitHub\SMARTH~1\NODE_0~1\NODE_0~1\ARDUIN~1\Debug\libArduinoCore.a(new.o)
 .debug_aranges
                0x000003d0      0x100 C:\Users\BASTIA~1\DOCUME~1\GitHub\SMARTH~1\NODE_0~1\NODE_0~1\ARDUIN~1\Debug\libArduinoCore.a(Print.o)
 .debug_aranges
                0x000004d0       0x98 C:\Users\BASTIA~1\DOCUME~1\GitHub\SMARTH~1\NODE_0~1\NODE_0~1\ARDUIN~1\Debug\libArduinoCore.a(Stream.o)
 .debug_aranges
                0x00000568       0x40 C:\Users\BASTIA~1\DOCUME~1\GitHub\SMARTH~1\NODE_0~1\NODE_0~1\ARDUIN~1\Debug\libArduinoCore.a(WInterrupts.o)
 .debug_aranges
                0x000005a8       0x48 C:\Users\BASTIA~1\DOCUME~1\GitHub\SMARTH~1\NODE_0~1\NODE_0~1\ARDUIN~1\Debug\libArduinoCore.a(wiring.o)
 .debug_aranges
                0x000005f0       0x38 C:\Users\BASTIA~1\DOCUME~1\GitHub\SMARTH~1\NODE_0~1\NODE_0~1\ARDUIN~1\Debug\libArduinoCore.a(wiring_digital.o)

.debug_pubnames
 *(.debug_pubnames)

.debug_info     0x00000000    0x1266a
 *(.debug_info .gnu.linkonce.wi.*)
 .debug_info    0x00000000      0x5f4 C:/Program Files (x86)/Atmel/Studio/7.0/Packs/atmel/ATmega_DFP/1.2.150/gcc/dev/atmega328p/avr5/crtatmega328p.o
 .debug_info    0x000005f4      0x430 Hausbus.o
 .debug_info    0x00000a24     0x216a Sketch.o
 .debug_info    0x00002b8e     0x249f src/libraries/CAN/src/CANController.o
 .debug_info    0x0000502d     0x3cfa src/libraries/CAN/src/MCP2515.o
 .debug_info    0x00008d27      0x66b src/libraries/SPI/src/SPI.o
 .debug_info    0x00009392     0x1eef C:\Users\BASTIA~1\DOCUME~1\GitHub\SMARTH~1\NODE_0~1\NODE_0~1\ARDUIN~1\Debug\libArduinoCore.a(HardwareSerial.o)
 .debug_info    0x0000b281     0x1b16 C:\Users\BASTIA~1\DOCUME~1\GitHub\SMARTH~1\NODE_0~1\NODE_0~1\ARDUIN~1\Debug\libArduinoCore.a(HardwareSerial0.o)
 .debug_info    0x0000cd97       0x3e C:\Users\BASTIA~1\DOCUME~1\GitHub\SMARTH~1\NODE_0~1\NODE_0~1\ARDUIN~1\Debug\libArduinoCore.a(hooks.o)
 .debug_info    0x0000cdd5      0x237 C:\Users\BASTIA~1\DOCUME~1\GitHub\SMARTH~1\NODE_0~1\NODE_0~1\ARDUIN~1\Debug\libArduinoCore.a(main.o)
 .debug_info    0x0000d00c      0x11c C:\Users\BASTIA~1\DOCUME~1\GitHub\SMARTH~1\NODE_0~1\NODE_0~1\ARDUIN~1\Debug\libArduinoCore.a(new.o)
 .debug_info    0x0000d128     0x28ff C:\Users\BASTIA~1\DOCUME~1\GitHub\SMARTH~1\NODE_0~1\NODE_0~1\ARDUIN~1\Debug\libArduinoCore.a(Print.o)
 .debug_info    0x0000fa27     0x215e C:\Users\BASTIA~1\DOCUME~1\GitHub\SMARTH~1\NODE_0~1\NODE_0~1\ARDUIN~1\Debug\libArduinoCore.a(Stream.o)
 .debug_info    0x00011b85      0x21c C:\Users\BASTIA~1\DOCUME~1\GitHub\SMARTH~1\NODE_0~1\NODE_0~1\ARDUIN~1\Debug\libArduinoCore.a(WInterrupts.o)
 .debug_info    0x00011da1      0x2cb C:\Users\BASTIA~1\DOCUME~1\GitHub\SMARTH~1\NODE_0~1\NODE_0~1\ARDUIN~1\Debug\libArduinoCore.a(wiring.o)
 .debug_info    0x0001206c      0x5fe C:\Users\BASTIA~1\DOCUME~1\GitHub\SMARTH~1\NODE_0~1\NODE_0~1\ARDUIN~1\Debug\libArduinoCore.a(wiring_digital.o)

.debug_abbrev   0x00000000     0x300f
 *(.debug_abbrev)
 .debug_abbrev  0x00000000      0x5a2 C:/Program Files (x86)/Atmel/Studio/7.0/Packs/atmel/ATmega_DFP/1.2.150/gcc/dev/atmega328p/avr5/crtatmega328p.o
 .debug_abbrev  0x000005a2      0x1cb Hausbus.o
 .debug_abbrev  0x0000076d      0x3bc Sketch.o
 .debug_abbrev  0x00000b29      0x454 src/libraries/CAN/src/CANController.o
 .debug_abbrev  0x00000f7d      0x73e src/libraries/CAN/src/MCP2515.o
 .debug_abbrev  0x000016bb      0x283 src/libraries/SPI/src/SPI.o
 .debug_abbrev  0x0000193e      0x440 C:\Users\BASTIA~1\DOCUME~1\GitHub\SMARTH~1\NODE_0~1\NODE_0~1\ARDUIN~1\Debug\libArduinoCore.a(HardwareSerial.o)
 .debug_abbrev  0x00001d7e      0x3ce C:\Users\BASTIA~1\DOCUME~1\GitHub\SMARTH~1\NODE_0~1\NODE_0~1\ARDUIN~1\Debug\libArduinoCore.a(HardwareSerial0.o)
 .debug_abbrev  0x0000214c       0x2a C:\Users\BASTIA~1\DOCUME~1\GitHub\SMARTH~1\NODE_0~1\NODE_0~1\ARDUIN~1\Debug\libArduinoCore.a(hooks.o)
 .debug_abbrev  0x00002176      0x12d C:\Users\BASTIA~1\DOCUME~1\GitHub\SMARTH~1\NODE_0~1\NODE_0~1\ARDUIN~1\Debug\libArduinoCore.a(main.o)
 .debug_abbrev  0x000022a3       0xce C:\Users\BASTIA~1\DOCUME~1\GitHub\SMARTH~1\NODE_0~1\NODE_0~1\ARDUIN~1\Debug\libArduinoCore.a(new.o)
 .debug_abbrev  0x00002371      0x47a C:\Users\BASTIA~1\DOCUME~1\GitHub\SMARTH~1\NODE_0~1\NODE_0~1\ARDUIN~1\Debug\libArduinoCore.a(Print.o)
 .debug_abbrev  0x000027eb      0x487 C:\Users\BASTIA~1\DOCUME~1\GitHub\SMARTH~1\NODE_0~1\NODE_0~1\ARDUIN~1\Debug\libArduinoCore.a(Stream.o)
 .debug_abbrev  0x00002c72       0xfc C:\Users\BASTIA~1\DOCUME~1\GitHub\SMARTH~1\NODE_0~1\NODE_0~1\ARDUIN~1\Debug\libArduinoCore.a(WInterrupts.o)
 .debug_abbrev  0x00002d6e      0x146 C:\Users\BASTIA~1\DOCUME~1\GitHub\SMARTH~1\NODE_0~1\NODE_0~1\ARDUIN~1\Debug\libArduinoCore.a(wiring.o)
 .debug_abbrev  0x00002eb4      0x15b C:\Users\BASTIA~1\DOCUME~1\GitHub\SMARTH~1\NODE_0~1\NODE_0~1\ARDUIN~1\Debug\libArduinoCore.a(wiring_digital.o)

.debug_line     0x00000000     0x3910
 *(.debug_line .debug_line.* .debug_line_end)
 .debug_line    0x00000000      0x133 C:/Program Files (x86)/Atmel/Studio/7.0/Packs/atmel/ATmega_DFP/1.2.150/gcc/dev/atmega328p/avr5/crtatmega328p.o
 .debug_line    0x00000133      0x2b2 Hausbus.o
 .debug_line    0x000003e5      0x466 Sketch.o
 .debug_line    0x0000084b      0x582 src/libraries/CAN/src/CANController.o
 .debug_line    0x00000dcd      0xb93 src/libraries/CAN/src/MCP2515.o
 .debug_line    0x00001960      0x30b src/libraries/SPI/src/SPI.o
 .debug_line    0x00001c6b      0x43d C:\Users\BASTIA~1\DOCUME~1\GitHub\SMARTH~1\NODE_0~1\NODE_0~1\ARDUIN~1\Debug\libArduinoCore.a(HardwareSerial.o)
 .debug_line    0x000020a8      0x28c C:\Users\BASTIA~1\DOCUME~1\GitHub\SMARTH~1\NODE_0~1\NODE_0~1\ARDUIN~1\Debug\libArduinoCore.a(HardwareSerial0.o)
 .debug_line    0x00002334       0x41 C:\Users\BASTIA~1\DOCUME~1\GitHub\SMARTH~1\NODE_0~1\NODE_0~1\ARDUIN~1\Debug\libArduinoCore.a(hooks.o)
 .debug_line    0x00002375      0x165 C:\Users\BASTIA~1\DOCUME~1\GitHub\SMARTH~1\NODE_0~1\NODE_0~1\ARDUIN~1\Debug\libArduinoCore.a(main.o)
 .debug_line    0x000024da      0x12f C:\Users\BASTIA~1\DOCUME~1\GitHub\SMARTH~1\NODE_0~1\NODE_0~1\ARDUIN~1\Debug\libArduinoCore.a(new.o)
 .debug_line    0x00002609      0x685 C:\Users\BASTIA~1\DOCUME~1\GitHub\SMARTH~1\NODE_0~1\NODE_0~1\ARDUIN~1\Debug\libArduinoCore.a(Print.o)
 .debug_line    0x00002c8e      0x5f7 C:\Users\BASTIA~1\DOCUME~1\GitHub\SMARTH~1\NODE_0~1\NODE_0~1\ARDUIN~1\Debug\libArduinoCore.a(Stream.o)
 .debug_line    0x00003285      0x1a0 C:\Users\BASTIA~1\DOCUME~1\GitHub\SMARTH~1\NODE_0~1\NODE_0~1\ARDUIN~1\Debug\libArduinoCore.a(WInterrupts.o)
 .debug_line    0x00003425      0x299 C:\Users\BASTIA~1\DOCUME~1\GitHub\SMARTH~1\NODE_0~1\NODE_0~1\ARDUIN~1\Debug\libArduinoCore.a(wiring.o)
 .debug_line    0x000036be      0x252 C:\Users\BASTIA~1\DOCUME~1\GitHub\SMARTH~1\NODE_0~1\NODE_0~1\ARDUIN~1\Debug\libArduinoCore.a(wiring_digital.o)

.debug_frame    0x00000000     0x1398
 *(.debug_frame)
 .debug_frame   0x00000000       0xac Hausbus.o
 .debug_frame   0x000000ac       0xa0 Sketch.o
 .debug_frame   0x0000014c      0x1f4 src/libraries/CAN/src/CANController.o
 .debug_frame   0x00000340      0x46c src/libraries/CAN/src/MCP2515.o
 .debug_frame   0x000007ac       0x5c src/libraries/SPI/src/SPI.o
 .debug_frame   0x00000808      0x120 C:\Users\BASTIA~1\DOCUME~1\GitHub\SMARTH~1\NODE_0~1\NODE_0~1\ARDUIN~1\Debug\libArduinoCore.a(HardwareSerial.o)
 .debug_frame   0x00000928       0xe0 C:\Users\BASTIA~1\DOCUME~1\GitHub\SMARTH~1\NODE_0~1\NODE_0~1\ARDUIN~1\Debug\libArduinoCore.a(HardwareSerial0.o)
 .debug_frame   0x00000a08       0x24 C:\Users\BASTIA~1\DOCUME~1\GitHub\SMARTH~1\NODE_0~1\NODE_0~1\ARDUIN~1\Debug\libArduinoCore.a(hooks.o)
 .debug_frame   0x00000a2c       0x54 C:\Users\BASTIA~1\DOCUME~1\GitHub\SMARTH~1\NODE_0~1\NODE_0~1\ARDUIN~1\Debug\libArduinoCore.a(main.o)
 .debug_frame   0x00000a80       0x54 C:\Users\BASTIA~1\DOCUME~1\GitHub\SMARTH~1\NODE_0~1\NODE_0~1\ARDUIN~1\Debug\libArduinoCore.a(new.o)
 .debug_frame   0x00000ad4      0x3ac C:\Users\BASTIA~1\DOCUME~1\GitHub\SMARTH~1\NODE_0~1\NODE_0~1\ARDUIN~1\Debug\libArduinoCore.a(Print.o)
 .debug_frame   0x00000e80      0x2e4 C:\Users\BASTIA~1\DOCUME~1\GitHub\SMARTH~1\NODE_0~1\NODE_0~1\ARDUIN~1\Debug\libArduinoCore.a(Stream.o)
 .debug_frame   0x00001164       0xf4 C:\Users\BASTIA~1\DOCUME~1\GitHub\SMARTH~1\NODE_0~1\NODE_0~1\ARDUIN~1\Debug\libArduinoCore.a(WInterrupts.o)
 .debug_frame   0x00001258       0xc4 C:\Users\BASTIA~1\DOCUME~1\GitHub\SMARTH~1\NODE_0~1\NODE_0~1\ARDUIN~1\Debug\libArduinoCore.a(wiring.o)
 .debug_frame   0x0000131c       0x7c C:\Users\BASTIA~1\DOCUME~1\GitHub\SMARTH~1\NODE_0~1\NODE_0~1\ARDUIN~1\Debug\libArduinoCore.a(wiring_digital.o)

.debug_str      0x00000000     0x30de
 *(.debug_str)
 .debug_str     0x00000000      0x208 C:/Program Files (x86)/Atmel/Studio/7.0/Packs/atmel/ATmega_DFP/1.2.150/gcc/dev/atmega328p/avr5/crtatmega328p.o
 .debug_str     0x00000208      0x353 Hausbus.o
                                0x3a5 (size before relaxing)
 .debug_str     0x0000055b     0x12f9 Sketch.o
                               0x16c6 (size before relaxing)
 .debug_str     0x00001854      0x45b src/libraries/CAN/src/CANController.o
                               0x185e (size before relaxing)
 .debug_str     0x00001caf      0x800 src/libraries/CAN/src/MCP2515.o
                               0x1d09 (size before relaxing)
 .debug_str     0x000024af       0xff src/libraries/SPI/src/SPI.o
                                0x6ea (size before relaxing)
 .debug_str     0x000025ae      0x3ee C:\Users\BASTIA~1\DOCUME~1\GitHub\SMARTH~1\NODE_0~1\NODE_0~1\ARDUIN~1\Debug\libArduinoCore.a(HardwareSerial.o)
                               0x1625 (size before relaxing)
 .debug_str     0x0000299c       0x47 C:\Users\BASTIA~1\DOCUME~1\GitHub\SMARTH~1\NODE_0~1\NODE_0~1\ARDUIN~1\Debug\libArduinoCore.a(HardwareSerial0.o)
                               0x1441 (size before relaxing)
 .debug_str     0x000029e3      0x187 C:\Users\BASTIA~1\DOCUME~1\GitHub\SMARTH~1\NODE_0~1\NODE_0~1\ARDUIN~1\Debug\libArduinoCore.a(hooks.o)
 .debug_str     0x00002b6a       0x37 C:\Users\BASTIA~1\DOCUME~1\GitHub\SMARTH~1\NODE_0~1\NODE_0~1\ARDUIN~1\Debug\libArduinoCore.a(main.o)
                                0x2ed (size before relaxing)
 .debug_str     0x00002ba1       0x50 C:\Users\BASTIA~1\DOCUME~1\GitHub\SMARTH~1\NODE_0~1\NODE_0~1\ARDUIN~1\Debug\libArduinoCore.a(new.o)
                                0x203 (size before relaxing)
 .debug_str     0x00002bf1      0x304 C:\Users\BASTIA~1\DOCUME~1\GitHub\SMARTH~1\NODE_0~1\NODE_0~1\ARDUIN~1\Debug\libArduinoCore.a(Print.o)
                               0x127b (size before relaxing)
 .debug_str     0x00002ef5       0x97 C:\Users\BASTIA~1\DOCUME~1\GitHub\SMARTH~1\NODE_0~1\NODE_0~1\ARDUIN~1\Debug\libArduinoCore.a(Stream.o)
                               0x129f (size before relaxing)
 .debug_str     0x00002f8c       0x6d C:\Users\BASTIA~1\DOCUME~1\GitHub\SMARTH~1\NODE_0~1\NODE_0~1\ARDUIN~1\Debug\libArduinoCore.a(WInterrupts.o)
                                0x270 (size before relaxing)
 .debug_str     0x00002ff9       0x6d C:\Users\BASTIA~1\DOCUME~1\GitHub\SMARTH~1\NODE_0~1\NODE_0~1\ARDUIN~1\Debug\libArduinoCore.a(wiring.o)
                                0x283 (size before relaxing)
 .debug_str     0x00003066       0x78 C:\Users\BASTIA~1\DOCUME~1\GitHub\SMARTH~1\NODE_0~1\NODE_0~1\ARDUIN~1\Debug\libArduinoCore.a(wiring_digital.o)
                                0x2e8 (size before relaxing)

.debug_loc      0x00000000     0x66cb
 *(.debug_loc)
 .debug_loc     0x00000000      0x357 Hausbus.o
 .debug_loc     0x00000357      0x22c Sketch.o
 .debug_loc     0x00000583      0x722 src/libraries/CAN/src/CANController.o
 .debug_loc     0x00000ca5     0x157f src/libraries/CAN/src/MCP2515.o
 .debug_loc     0x00002224      0x1e4 src/libraries/SPI/src/SPI.o
 .debug_loc     0x00002408      0x4d4 C:\Users\BASTIA~1\DOCUME~1\GitHub\SMARTH~1\NODE_0~1\NODE_0~1\ARDUIN~1\Debug\libArduinoCore.a(HardwareSerial.o)
 .debug_loc     0x000028dc      0x1b0 C:\Users\BASTIA~1\DOCUME~1\GitHub\SMARTH~1\NODE_0~1\NODE_0~1\ARDUIN~1\Debug\libArduinoCore.a(HardwareSerial0.o)
 .debug_loc     0x00002a8c       0x4c C:\Users\BASTIA~1\DOCUME~1\GitHub\SMARTH~1\NODE_0~1\NODE_0~1\ARDUIN~1\Debug\libArduinoCore.a(new.o)
 .debug_loc     0x00002ad8     0x1c87 C:\Users\BASTIA~1\DOCUME~1\GitHub\SMARTH~1\NODE_0~1\NODE_0~1\ARDUIN~1\Debug\libArduinoCore.a(Print.o)
 .debug_loc     0x0000475f     0x14ae C:\Users\BASTIA~1\DOCUME~1\GitHub\SMARTH~1\NODE_0~1\NODE_0~1\ARDUIN~1\Debug\libArduinoCore.a(Stream.o)
 .debug_loc     0x00005c0d      0x235 C:\Users\BASTIA~1\DOCUME~1\GitHub\SMARTH~1\NODE_0~1\NODE_0~1\ARDUIN~1\Debug\libArduinoCore.a(WInterrupts.o)
 .debug_loc     0x00005e42      0x28d C:\Users\BASTIA~1\DOCUME~1\GitHub\SMARTH~1\NODE_0~1\NODE_0~1\ARDUIN~1\Debug\libArduinoCore.a(wiring.o)
 .debug_loc     0x000060cf      0x5fc C:\Users\BASTIA~1\DOCUME~1\GitHub\SMARTH~1\NODE_0~1\NODE_0~1\ARDUIN~1\Debug\libArduinoCore.a(wiring_digital.o)

.debug_macinfo
 *(.debug_macinfo)

.debug_weaknames
 *(.debug_weaknames)

.debug_funcnames
 *(.debug_funcnames)

.debug_typenames
 *(.debug_typenames)

.debug_varnames
 *(.debug_varnames)

.debug_pubtypes
 *(.debug_pubtypes)

.debug_ranges   0x00000000      0x5f8
 *(.debug_ranges)
 .debug_ranges  0x00000000       0x40 Hausbus.o
 .debug_ranges  0x00000040       0x20 Sketch.o
 .debug_ranges  0x00000060       0xe8 src/libraries/CAN/src/CANController.o
 .debug_ranges  0x00000148      0x140 src/libraries/CAN/src/MCP2515.o
 .debug_ranges  0x00000288       0x28 src/libraries/SPI/src/SPI.o
 .debug_ranges  0x000002b0       0x60 C:\Users\BASTIA~1\DOCUME~1\GitHub\SMARTH~1\NODE_0~1\NODE_0~1\ARDUIN~1\Debug\libArduinoCore.a(HardwareSerial.o)
 .debug_ranges  0x00000310       0x38 C:\Users\BASTIA~1\DOCUME~1\GitHub\SMARTH~1\NODE_0~1\NODE_0~1\ARDUIN~1\Debug\libArduinoCore.a(HardwareSerial0.o)
 .debug_ranges  0x00000348       0x10 C:\Users\BASTIA~1\DOCUME~1\GitHub\SMARTH~1\NODE_0~1\NODE_0~1\ARDUIN~1\Debug\libArduinoCore.a(hooks.o)
 .debug_ranges  0x00000358       0x20 C:\Users\BASTIA~1\DOCUME~1\GitHub\SMARTH~1\NODE_0~1\NODE_0~1\ARDUIN~1\Debug\libArduinoCore.a(main.o)
 .debug_ranges  0x00000378       0x18 C:\Users\BASTIA~1\DOCUME~1\GitHub\SMARTH~1\NODE_0~1\NODE_0~1\ARDUIN~1\Debug\libArduinoCore.a(new.o)
 .debug_ranges  0x00000390      0x120 C:\Users\BASTIA~1\DOCUME~1\GitHub\SMARTH~1\NODE_0~1\NODE_0~1\ARDUIN~1\Debug\libArduinoCore.a(Print.o)
 .debug_ranges  0x000004b0       0xb8 C:\Users\BASTIA~1\DOCUME~1\GitHub\SMARTH~1\NODE_0~1\NODE_0~1\ARDUIN~1\Debug\libArduinoCore.a(Stream.o)
 .debug_ranges  0x00000568       0x30 C:\Users\BASTIA~1\DOCUME~1\GitHub\SMARTH~1\NODE_0~1\NODE_0~1\ARDUIN~1\Debug\libArduinoCore.a(WInterrupts.o)
 .debug_ranges  0x00000598       0x38 C:\Users\BASTIA~1\DOCUME~1\GitHub\SMARTH~1\NODE_0~1\NODE_0~1\ARDUIN~1\Debug\libArduinoCore.a(wiring.o)
 .debug_ranges  0x000005d0       0x28 C:\Users\BASTIA~1\DOCUME~1\GitHub\SMARTH~1\NODE_0~1\NODE_0~1\ARDUIN~1\Debug\libArduinoCore.a(wiring_digital.o)

.debug_macro
 *(.debug_macro)
OUTPUT(Node_Muster.elf elf32-avr)
LOAD linker stubs
